Archive member included to satisfy reference by file (symbol)

/home/danielcrovo/intelFPGA_lite/21.1/nios2eds/bin/gnu/H-x86_64-pc-linux-gnu/bin/../lib/gcc/nios2-elf/11.2.1/mno-hw-mul/libgcc.a(_muldi3.o)
                              obj/default/main.o (__muldi3)
/home/danielcrovo/intelFPGA_lite/21.1/nios2eds/bin/gnu/H-x86_64-pc-linux-gnu/bin/../lib/gcc/nios2-elf/11.2.1/mno-hw-mul/libgcc.a(_udivdi3.o)
                              obj/default/main.o (__udivdi3)
/home/danielcrovo/intelFPGA_lite/21.1/nios2eds/bin/gnu/H-x86_64-pc-linux-gnu/bin/../lib/gcc/nios2-elf/11.2.1/mno-hw-mul/libgcc.a(lib2-divmod.o)
                              obj/default/main.o (__divsi3)
/home/danielcrovo/intelFPGA_lite/21.1/nios2eds/bin/gnu/H-x86_64-pc-linux-gnu/bin/../lib/gcc/nios2-elf/11.2.1/mno-hw-mul/libgcc.a(lib2-mul.o)
                              obj/default/main.o (__mulsi3)
/home/danielcrovo/intelFPGA_lite/21.1/nios2eds/bin/gnu/H-x86_64-pc-linux-gnu/bin/../lib/gcc/nios2-elf/11.2.1/mno-hw-mul/libgcc.a(_clz.o)
                              /home/danielcrovo/intelFPGA_lite/21.1/nios2eds/bin/gnu/H-x86_64-pc-linux-gnu/bin/../lib/gcc/nios2-elf/11.2.1/mno-hw-mul/libgcc.a(_udivdi3.o) (__clz_tab)
/home/danielcrovo/intelFPGA_lite/21.1/nios2eds/bin/gnu/H-x86_64-pc-linux-gnu/bin/../lib/gcc/nios2-elf/11.2.1/../../../../../H-x86_64-pc-linux-gnu/nios2-elf/lib/mno-hw-mul/libc.a(lib_a-printf.o)
                              obj/default/main.o (printf)
/home/danielcrovo/intelFPGA_lite/21.1/nios2eds/bin/gnu/H-x86_64-pc-linux-gnu/bin/../lib/gcc/nios2-elf/11.2.1/../../../../../H-x86_64-pc-linux-gnu/nios2-elf/lib/mno-hw-mul/libc.a(lib_a-puts.o)
                              obj/default/main.o (puts)
/home/danielcrovo/intelFPGA_lite/21.1/nios2eds/bin/gnu/H-x86_64-pc-linux-gnu/bin/../lib/gcc/nios2-elf/11.2.1/../../../../../H-x86_64-pc-linux-gnu/nios2-elf/lib/mno-hw-mul/libc.a(lib_a-scanf.o)
                              obj/default/main.o (scanf)
/home/danielcrovo/intelFPGA_lite/21.1/nios2eds/bin/gnu/H-x86_64-pc-linux-gnu/bin/../lib/gcc/nios2-elf/11.2.1/../../../../../H-x86_64-pc-linux-gnu/nios2-elf/lib/mno-hw-mul/libc.a(lib_a-strlen.o)
                              /home/danielcrovo/intelFPGA_lite/21.1/nios2eds/bin/gnu/H-x86_64-pc-linux-gnu/bin/../lib/gcc/nios2-elf/11.2.1/../../../../../H-x86_64-pc-linux-gnu/nios2-elf/lib/mno-hw-mul/libc.a(lib_a-puts.o) (strlen)
/home/danielcrovo/intelFPGA_lite/21.1/nios2eds/bin/gnu/H-x86_64-pc-linux-gnu/bin/../lib/gcc/nios2-elf/11.2.1/../../../../../H-x86_64-pc-linux-gnu/nios2-elf/lib/mno-hw-mul/libc.a(lib_a-vfprintf.o)
                              /home/danielcrovo/intelFPGA_lite/21.1/nios2eds/bin/gnu/H-x86_64-pc-linux-gnu/bin/../lib/gcc/nios2-elf/11.2.1/../../../../../H-x86_64-pc-linux-gnu/nios2-elf/lib/mno-hw-mul/libc.a(lib_a-printf.o) (___vfprintf_internal_r)
/home/danielcrovo/intelFPGA_lite/21.1/nios2eds/bin/gnu/H-x86_64-pc-linux-gnu/bin/../lib/gcc/nios2-elf/11.2.1/../../../../../H-x86_64-pc-linux-gnu/nios2-elf/lib/mno-hw-mul/libc.a(lib_a-vfscanf.o)
                              /home/danielcrovo/intelFPGA_lite/21.1/nios2eds/bin/gnu/H-x86_64-pc-linux-gnu/bin/../lib/gcc/nios2-elf/11.2.1/../../../../../H-x86_64-pc-linux-gnu/nios2-elf/lib/mno-hw-mul/libc.a(lib_a-scanf.o) (_vfscanf_r)
/home/danielcrovo/intelFPGA_lite/21.1/nios2eds/bin/gnu/H-x86_64-pc-linux-gnu/bin/../lib/gcc/nios2-elf/11.2.1/../../../../../H-x86_64-pc-linux-gnu/nios2-elf/lib/mno-hw-mul/libc.a(lib_a-wsetup.o)
                              /home/danielcrovo/intelFPGA_lite/21.1/nios2eds/bin/gnu/H-x86_64-pc-linux-gnu/bin/../lib/gcc/nios2-elf/11.2.1/../../../../../H-x86_64-pc-linux-gnu/nios2-elf/lib/mno-hw-mul/libc.a(lib_a-vfprintf.o) (__swsetup_r)
/home/danielcrovo/intelFPGA_lite/21.1/nios2eds/bin/gnu/H-x86_64-pc-linux-gnu/bin/../lib/gcc/nios2-elf/11.2.1/../../../../../H-x86_64-pc-linux-gnu/nios2-elf/lib/mno-hw-mul/libc.a(lib_a-ctype_.o)
                              /home/danielcrovo/intelFPGA_lite/21.1/nios2eds/bin/gnu/H-x86_64-pc-linux-gnu/bin/../lib/gcc/nios2-elf/11.2.1/../../../../../H-x86_64-pc-linux-gnu/nios2-elf/lib/mno-hw-mul/libc.a(lib_a-vfscanf.o) (_ctype_)
/home/danielcrovo/intelFPGA_lite/21.1/nios2eds/bin/gnu/H-x86_64-pc-linux-gnu/bin/../lib/gcc/nios2-elf/11.2.1/../../../../../H-x86_64-pc-linux-gnu/nios2-elf/lib/mno-hw-mul/libc.a(lib_a-dtoa.o)
                              /home/danielcrovo/intelFPGA_lite/21.1/nios2eds/bin/gnu/H-x86_64-pc-linux-gnu/bin/../lib/gcc/nios2-elf/11.2.1/../../../../../H-x86_64-pc-linux-gnu/nios2-elf/lib/mno-hw-mul/libc.a(lib_a-vfprintf.o) (_dtoa_r)
/home/danielcrovo/intelFPGA_lite/21.1/nios2eds/bin/gnu/H-x86_64-pc-linux-gnu/bin/../lib/gcc/nios2-elf/11.2.1/../../../../../H-x86_64-pc-linux-gnu/nios2-elf/lib/mno-hw-mul/libc.a(lib_a-fflush.o)
                              /home/danielcrovo/intelFPGA_lite/21.1/nios2eds/bin/gnu/H-x86_64-pc-linux-gnu/bin/../lib/gcc/nios2-elf/11.2.1/../../../../../H-x86_64-pc-linux-gnu/nios2-elf/lib/mno-hw-mul/libc.a(lib_a-vfprintf.o) (_fflush_r)
[...]
Memory Configuration

Name             Origin             Length             Attributes
reset            0x0000000000020000 0x0000000000000020
onchip_mem       0x0000000000020020 0x000000000001ffe0
*default*        0x0000000000000000 0xffffffffffffffff

Linker script and memory map

LOAD ../nios_led3_bsp//obj/HAL/src/crt0.o
LOAD obj/default/gpio.o
LOAD obj/default/main.o
LOAD /home/danielcrovo/intelFPGA_lite/21.1/nios2eds/bin/gnu/H-x86_64-pc-linux-gnu/bin/../lib/gcc/nios2-elf/11.2.1/../../../../../H-x86_64-pc-linux-gnu/nios2-elf/lib/mno-hw-mul/libstdc++.a
LOAD /home/danielcrovo/intelFPGA_lite/21.1/nios2eds/bin/gnu/H-x86_64-pc-linux-gnu/bin/../lib/gcc/nios2-elf/11.2.1/../../../../../H-x86_64-pc-linux-gnu/nios2-elf/lib/mno-hw-mul/libm.a
LOAD /home/danielcrovo/intelFPGA_lite/21.1/nios2eds/bin/gnu/H-x86_64-pc-linux-gnu/bin/../lib/gcc/nios2-elf/11.2.1/mno-hw-mul/libgcc.a
START GROUP
LOAD /home/danielcrovo/intelFPGA_lite/21.1/nios2eds/bin/gnu/H-x86_64-pc-linux-gnu/bin/../lib/gcc/nios2-elf/11.2.1/../../../../../H-x86_64-pc-linux-gnu/nios2-elf/lib/mno-hw-mul/libc.a
LOAD /home/danielcrovo/intelFPGA_lite/21.1/nios2eds/bin/gnu/H-x86_64-pc-linux-gnu/bin/../lib/gcc/nios2-elf/11.2.1/mno-hw-mul/libgcc.a
LOAD ../nios_led3_bsp//libhal_bsp.a
LOAD /home/danielcrovo/intelFPGA_lite/21.1/nios2eds/bin/gnu/H-x86_64-pc-linux-gnu/bin/../lib/gcc/nios2-elf/11.2.1/../../../../../H-x86_64-pc-linux-gnu/nios2-elf/lib/mno-hw-mul/libm.a
END GROUP
LOAD /home/danielcrovo/intelFPGA_lite/21.1/nios2eds/bin/gnu/H-x86_64-pc-linux-gnu/bin/../lib/gcc/nios2-elf/11.2.1/mno-hw-mul/libgcc.a
                0x0000000000020000                __alt_mem_onchip_mem = 0x20000

.entry          0x0000000000020000       0x20
 *(.entry)
 .entry         0x0000000000020000       0x20 ../nios_led3_bsp//obj/HAL/src/crt0.o
                0x0000000000020000                __reset

.exceptions     0x0000000000020020      0x204
                0x0000000000020020                PROVIDE (__ram_exceptions_start = ABSOLUTE (.))
                0x0000000000020020                . = ALIGN (0x20)
 *(.irq)
 *(.exceptions.entry.label)
 .exceptions.entry.label
                0x0000000000020020        0x0 ../nios_led3_bsp//libhal_bsp.a(alt_irq_entry.o)
                0x0000000000020020                alt_irq_entry
 .exceptions.entry.label
                0x0000000000020020        0x0 ../nios_led3_bsp//libhal_bsp.a(alt_exception_entry.o)
                0x0000000000020020                alt_exception
 *(.exceptions.entry.user)
 *(.exceptions.entry.ecc_fatal)
 *(.exceptions.entry)
 .exceptions.entry
                0x0000000000020020       0x54 ../nios_led3_bsp//libhal_bsp.a(alt_exception_entry.o)
 *(.exceptions.irqtest.user)
 *(.exceptions.irqtest)
 .exceptions.irqtest
                0x0000000000020074       0x10 ../nios_led3_bsp//libhal_bsp.a(alt_irq_entry.o)
 *(.exceptions.irqhandler.user)
 *(.exceptions.irqhandler)
 .exceptions.irqhandler
                0x0000000000020084        0x4 ../nios_led3_bsp//libhal_bsp.a(alt_irq_entry.o)
 *(.exceptions.irqreturn.user)
 *(.exceptions.irqreturn)
 .exceptions.irqreturn
                0x0000000000020088        0x4 ../nios_led3_bsp//libhal_bsp.a(alt_irq_entry.o)
 *(.exceptions.notirq.label)
 .exceptions.notirq.label
                0x000000000002008c        0x0 ../nios_led3_bsp//libhal_bsp.a(alt_irq_entry.o)
 *(.exceptions.notirq.user)
 *(.exceptions.notirq)
 .exceptions.notirq
                0x000000000002008c        0x8 ../nios_led3_bsp//libhal_bsp.a(alt_exception_entry.o)
 *(.exceptions.soft.user)
 *(.exceptions.soft)
 *(.exceptions.unknown.user)
 *(.exceptions.unknown)
 .exceptions.unknown
                0x0000000000020094       0x14 ../nios_led3_bsp//libhal_bsp.a(alt_exception_entry.o)
 *(.exceptions.exit.label)
 .exceptions.exit.label
                0x00000000000200a8        0x0 ../nios_led3_bsp//libhal_bsp.a(alt_irq_entry.o)
 .exceptions.exit.label
                0x00000000000200a8        0x0 ../nios_led3_bsp//libhal_bsp.a(alt_exception_entry.o)
 *(.exceptions.exit.user)
 *(.exceptions.exit)
 .exceptions.exit
                0x00000000000200a8       0x54 ../nios_led3_bsp//libhal_bsp.a(alt_exception_entry.o)
 *(.exceptions)
 .exceptions    0x00000000000200fc       0xc8 ../nios_led3_bsp//libhal_bsp.a(alt_irq_handler.o)
                0x00000000000200fc                alt_irq_handler
 .exceptions    0x00000000000201c4       0x60 ../nios_led3_bsp//libhal_bsp.a(alt_instruction_exception_entry.o)
                0x00000000000201c4                alt_instruction_exception_entry
                0x0000000000020224                PROVIDE (__ram_exceptions_end = ABSOLUTE (.))
                0x0000000000020020                PROVIDE (__flash_exceptions_start = LOADADDR (.exceptions))

.text           0x0000000000020224    0x17e2c
                [!provide]                        PROVIDE (stext = ABSOLUTE (.))
 *(.interp)
 *(.hash)
 *(.dynsym)
 *(.dynstr)
 *(.gnu.version)
 *(.gnu.version_d)
 *(.gnu.version_r)
 *(.rel.init)
 *(.rela.init)
 *(.rel.text .rel.text.* .rel.gnu.linkonce.t.*)
 *(.rela.text .rela.text.* .rela.gnu.linkonce.t.*)
 *(.rel.fini)
 *(.rela.fini)
 *(.rel.rodata .rel.rodata.* .rel.gnu.linkonce.r.*)
 *(.rela.rodata .rela.rodata.* .rela.gnu.linkonce.r.*)
 *(.rel.data .rel.data.* .rel.gnu.linkonce.d.*)
 *(.rela.data .rela.data.* .rela.gnu.linkonce.d.*)
 *(.rel.tdata .rel.tdata.* .rel.gnu.linkonce.td.*)
 *(.rela.tdata .rela.tdata.* .rela.gnu.linkonce.td.*)
 *(.rel.tbss .rel.tbss.* .rel.gnu.linkonce.tb.*)
 *(.rela.tbss .rela.tbss.* .rela.gnu.linkonce.tb.*)
 *(.rel.ctors)
 *(.rela.ctors)
 *(.rel.dtors)
 *(.rela.dtors)
 *(.rel.got)
 *(.rela.got)
 *(.rel.sdata .rel.sdata.* .rel.gnu.linkonce.s.*)
 *(.rela.sdata .rela.sdata.* .rela.gnu.linkonce.s.*)
 *(.rel.sbss .rel.sbss.* .rel.gnu.linkonce.sb.*)
 *(.rela.sbss .rela.sbss.* .rela.gnu.linkonce.sb.*)
 *(.rel.sdata2 .rel.sdata2.* .rel.gnu.linkonce.s2.*)
 *(.rela.sdata2 .rela.sdata2.* .rela.gnu.linkonce.s2.*)
 *(.rel.sbss2 .rel.sbss2.* .rel.gnu.linkonce.sb2.*)
 *(.rela.sbss2 .rela.sbss2.* .rela.gnu.linkonce.sb2.*)
 *(.rel.bss .rel.bss.* .rel.gnu.linkonce.b.*)
 *(.rela.bss .rela.bss.* .rela.gnu.linkonce.b.*)
 *(.rel.plt)
 *(.rela.plt)
 *(.rel.dyn)
 *(.init)
 *(.plt)
 *(.text .stub .text.* .gnu.linkonce.t.*)
 .text          0x0000000000020224       0x3c ../nios_led3_bsp//obj/HAL/src/crt0.o
                0x0000000000020224                _start
 .text          0x0000000000020260       0xcc obj/default/gpio.o
                0x0000000000020260                sseg_conv_hex
                0x00000000000202b0                sseg_disp_ptn
 .text          0x000000000002032c      0x498 obj/default/main.o
                0x000000000002032c                flashsys_init_v2
                0x0000000000020364                jtag_uart_disp_msg_v2
                0x00000000000203bc                led_flash_v2
                0x0000000000020430                led_flash_v3
                0x0000000000020510                sseg_disp_msg_v1
                0x0000000000020608                sw_get_command_v1
                0x0000000000020740                main
 .text          0x00000000000207c4      0x104 /home/danielcrovo/intelFPGA_lite/21.1/nios2eds/bin/gnu/H-x86_64-pc-linux-gnu/bin/../lib/gcc/nios2-elf/11.2.1/mno-hw-mul/libgcc.a(_muldi3.o)
                0x00000000000207c4                __muldi3
 .text          0x00000000000208c8      0x5d0 /home/danielcrovo/intelFPGA_lite/21.1/nios2eds/bin/gnu/H-x86_64-pc-linux-gnu/bin/../lib/gcc/nios2-elf/11.2.1/mno-hw-mul/libgcc.a(_udivdi3.o)
                0x00000000000208c8                __udivdi3
 .text          0x0000000000020e98      0x1b4 /home/danielcrovo/intelFPGA_lite/21.1/nios2eds/bin/gnu/H-x86_64-pc-linux-gnu/bin/../lib/gcc/nios2-elf/11.2.1/mno-hw-mul/libgcc.a(lib2-divmod.o)
                0x0000000000020e98                __divsi3
                0x0000000000020f18                __modsi3
                0x0000000000020f8c                __udivsi3
                0x0000000000020ff0                __umodsi3
 .text          0x000000000002104c       0x28 /home/danielcrovo/intelFPGA_lite/21.1/nios2eds/bin/gnu/H-x86_64-pc-linux-gnu/bin/../lib/gcc/nios2-elf/11.2.1/mno-hw-mul/libgcc.a(lib2-mul.o)
                0x000000000002104c                __mulsi3
 .text          0x0000000000021074        0x0 /home/danielcrovo/intelFPGA_lite/21.1/nios2eds/bin/gnu/H-x86_64-pc-linux-gnu/bin/../lib/gcc/nios2-elf/11.2.1/mno-hw-mul/libgcc.a(_clz.o)
 .text          0x0000000000021074        0x0 /home/danielcrovo/intelFPGA_lite/21.1/nios2eds/bin/gnu/H-x86_64-pc-linux-gnu/bin/../lib/gcc/nios2-elf/11.2.1/../../../../../H-x86_64-pc-linux-gnu/nios2-elf/lib/mno-hw-mul/libc.a(lib_a-printf.o)
 .text._printf_r
                0x0000000000021074       0x30 /home/danielcrovo/intelFPGA_lite/21.1/nios2eds/bin/gnu/H-x86_64-pc-linux-gnu/bin/../lib/gcc/nios2-elf/11.2.1/../../../../../H-x86_64-pc-linux-gnu/nios2-elf/lib/mno-hw-mul/libc.a(lib_a-printf.o)
                0x0000000000021074                _printf_r
 .text.printf   0x00000000000210a4       0x38 /home/danielcrovo/intelFPGA_lite/21.1/nios2eds/bin/gnu/H-x86_64-pc-linux-gnu/bin/../lib/gcc/nios2-elf/11.2.1/../../../../../H-x86_64-pc-linux-gnu/nios2-elf/lib/mno-hw-mul/libc.a(lib_a-printf.o)
                0x00000000000210a4                printf
 .text          0x00000000000210dc        0x0 /home/danielcrovo/intelFPGA_lite/21.1/nios2eds/bin/gnu/H-x86_64-pc-linux-gnu/bin/../lib/gcc/nios2-elf/11.2.1/../../../../../H-x86_64-pc-linux-gnu/nios2-elf/lib/mno-hw-mul/libc.a(lib_a-puts.o)
 .text._puts_r  0x00000000000210dc       0xcc /home/danielcrovo/intelFPGA_lite/21.1/nios2eds/bin/gnu/H-x86_64-pc-linux-gnu/bin/../lib/gcc/nios2-elf/11.2.1/../../../../../H-x86_64-pc-linux-gnu/nios2-elf/lib/mno-hw-mul/libc.a(lib_a-puts.o)
                0x00000000000210dc                _puts_r
 .text.puts     0x00000000000211a8       0x10 /home/danielcrovo/intelFPGA_lite/21.1/nios2eds/bin/gnu/H-x86_64-pc-linux-gnu/bin/../lib/gcc/nios2-elf/11.2.1/../../../../../H-x86_64-pc-linux-gnu/nios2-elf/lib/mno-hw-mul/libc.a(lib_a-puts.o)
                0x00000000000211a8                puts
 .text          0x00000000000211b8        0x0 /home/danielcrovo/intelFPGA_lite/21.1/nios2eds/bin/gnu/H-x86_64-pc-linux-gnu/bin/../lib/gcc/nios2-elf/11.2.1/../../../../../H-x86_64-pc-linux-gnu/nios2-elf/lib/mno-hw-mul/libc.a(lib_a-scanf.o)
 .text.scanf    0x00000000000211b8       0x3c /home/danielcrovo/intelFPGA_lite/21.1/nios2eds/bin/gnu/H-x86_64-pc-linux-gnu/bin/../lib/gcc/nios2-elf/11.2.1/../../../../../H-x86_64-pc-linux-gnu/nios2-elf/lib/mno-hw-mul/libc.a(lib_a-scanf.o)
                0x00000000000211b8                scanf
 .text._scanf_r
                0x00000000000211f4       0x30 /home/danielcrovo/intelFPGA_lite/21.1/nios2eds/bin/gnu/H-x86_64-pc-linux-gnu/bin/../lib/gcc/nios2-elf/11.2.1/../../../../../H-x86_64-pc-linux-gnu/nios2-elf/lib/mno-hw-mul/libc.a(lib_a-scanf.o)
                0x00000000000211f4                _scanf_r
 .text          0x0000000000021224        0x0 /home/danielcrovo/intelFPGA_lite/21.1/nios2eds/bin/gnu/H-x86_64-pc-linux-gnu/bin/../lib/gcc/nios2-elf/11.2.1/../../../../../H-x86_64-pc-linux-gnu/nios2-elf/lib/mno-hw-mul/libc.a(lib_a-strlen.o)
 .text.strlen   0x0000000000021224       0x98 /home/danielcrovo/intelFPGA_lite/21.1/nios2eds/bin/gnu/H-x86_64-pc-linux-gnu/bin/../lib/gcc/nios2-elf/11.2.1/../../../../../H-x86_64-pc-linux-gnu/nios2-elf/lib/mno-hw-mul/libc.a(lib_a-strlen.o)
                0x0000000000021224                strlen
 .text          0x00000000000212bc        0x0 /home/danielcrovo/intelFPGA_lite/21.1/nios2eds/bin/gnu/H-x86_64-pc-linux-gnu/bin/../lib/gcc/nios2-elf/11.2.1/../../../../../H-x86_64-pc-linux-gnu/nios2-elf/lib/mno-hw-mul/libc.a(lib_a-vfprintf.o)
 .text.___vfprintf_internal_r
                0x00000000000212bc     0x2020 /home/danielcrovo/intelFPGA_lite/21.1/nios2eds/bin/gnu/H-x86_64-pc-linux-gnu/bin/../lib/gcc/nios2-elf/11.2.1/../../../../../H-x86_64-pc-linux-gnu/nios2-elf/lib/mno-hw-mul/libc.a(lib_a-vfprintf.o)
                0x00000000000212bc                ___vfprintf_internal_r
 .text.__vfprintf_internal
                0x00000000000232dc       0x1c /home/danielcrovo/intelFPGA_lite/21.1/nios2eds/bin/gnu/H-x86_64-pc-linux-gnu/bin/../lib/gcc/nios2-elf/11.2.1/../../../../../H-x86_64-pc-linux-gnu/nios2-elf/lib/mno-hw-mul/libc.a(lib_a-vfprintf.o)
                0x00000000000232dc                __vfprintf_internal
 .text.__sbprintf
                0x00000000000232f8       0xc0 /home/danielcrovo/intelFPGA_lite/21.1/nios2eds/bin/gnu/H-x86_64-pc-linux-gnu/bin/../lib/gcc/nios2-elf/11.2.1/../../../../../H-x86_64-pc-linux-gnu/nios2-elf/lib/mno-hw-mul/libc.a(lib_a-vfprintf.o)
 .text          0x00000000000233b8        0x0 /home/danielcrovo/intelFPGA_lite/21.1/nios2eds/bin/gnu/H-x86_64-pc-linux-gnu/bin/../lib/gcc/nios2-elf/11.2.1/../../../../../H-x86_64-pc-linux-gnu/nios2-elf/lib/mno-hw-mul/libc.a(lib_a-vfscanf.o)
 .text.__svfscanf_r
                0x00000000000233b8     0x18c0 /home/danielcrovo/intelFPGA_lite/21.1/nios2eds/bin/gnu/H-x86_64-pc-linux-gnu/bin/../lib/gcc/nios2-elf/11.2.1/../../../../../H-x86_64-pc-linux-gnu/nios2-elf/lib/mno-hw-mul/libc.a(lib_a-vfscanf.o)
                0x00000000000233b8                __svfscanf_r
 .text.vfscanf  0x0000000000024c78       0x68 /home/danielcrovo/intelFPGA_lite/21.1/nios2eds/bin/gnu/H-x86_64-pc-linux-gnu/bin/../lib/gcc/nios2-elf/11.2.1/../../../../../H-x86_64-pc-linux-gnu/nios2-elf/lib/mno-hw-mul/libc.a(lib_a-vfscanf.o)
                0x0000000000024c78                vfscanf
 .text.__svfscanf
                0x0000000000024ce0       0x1c /home/danielcrovo/intelFPGA_lite/21.1/nios2eds/bin/gnu/H-x86_64-pc-linux-gnu/bin/../lib/gcc/nios2-elf/11.2.1/../../../../../H-x86_64-pc-linux-gnu/nios2-elf/lib/mno-hw-mul/libc.a(lib_a-vfscanf.o)
                0x0000000000024ce0                __svfscanf
 .text._vfscanf_r
                0x0000000000024cfc       0x50 /home/danielcrovo/intelFPGA_lite/21.1/nios2eds/bin/gnu/H-x86_64-pc-linux-gnu/bin/../lib/gcc/nios2-elf/11.2.1/../../../../../H-x86_64-pc-linux-gnu/nios2-elf/lib/mno-hw-mul/libc.a(lib_a-vfscanf.o)
                0x0000000000024cfc                _vfscanf_r
 .text          0x0000000000024d4c        0x0 /home/danielcrovo/intelFPGA_lite/21.1/nios2eds/bin/gnu/H-x86_64-pc-linux-gnu/bin/../lib/gcc/nios2-elf/11.2.1/../../../../../H-x86_64-pc-linux-gnu/nios2-elf/lib/mno-hw-mul/libc.a(lib_a-wsetup.o)
 .text.__swsetup_r
                0x0000000000024d4c      0x164 /home/danielcrovo/intelFPGA_lite/21.1/nios2eds/bin/gnu/H-x86_64-pc-linux-gnu/bin/../lib/gcc/nios2-elf/11.2.1/../../../../../H-x86_64-pc-linux-gnu/nios2-elf/lib/mno-hw-mul/libc.a(lib_a-wsetup.o)
                0x0000000000024d4c                __swsetup_r
 .text          0x0000000000024eb0        0x0 /home/danielcrovo/intelFPGA_lite/21.1/nios2eds/bin/gnu/H-x86_64-pc-linux-gnu/bin/../lib/gcc/nios2-elf/11.2.1/../../../../../H-x86_64-pc-linux-gnu/nios2-elf/lib/mno-hw-mul/libc.a(lib_a-ctype_.o)
 .text          0x0000000000024eb0        0x0 /home/danielcrovo/intelFPGA_lite/21.1/nios2eds/bin/gnu/H-x86_64-pc-linux-gnu/bin/../lib/gcc/nios2-elf/11.2.1/../../../../../H-x86_64-pc-linux-gnu/nios2-elf/lib/mno-hw-mul/libc.a(lib_a-dtoa.o)
 .text.quorem   0x0000000000024eb0      0x220 /home/danielcrovo/intelFPGA_lite/21.1/nios2eds/bin/gnu/H-x86_64-pc-linux-gnu/bin/../lib/gcc/nios2-elf/11.2.1/../../../../../H-x86_64-pc-linux-gnu/nios2-elf/lib/mno-hw-mul/libc.a(lib_a-dtoa.o)
 .text._dtoa_r  0x00000000000250d0     0x175c /home/danielcrovo/intelFPGA_lite/21.1/nios2eds/bin/gnu/H-x86_64-pc-linux-gnu/bin/../lib/gcc/nios2-elf/11.2.1/../../../../../H-x86_64-pc-linux-gnu/nios2-elf/lib/mno-hw-mul/libc.a(lib_a-dtoa.o)
                0x00000000000250d0                _dtoa_r
 .text          0x000000000002682c        0x0 /home/danielcrovo/intelFPGA_lite/21.1/nios2eds/bin/gnu/H-x86_64-pc-linux-gnu/bin/../lib/gcc/nios2-elf/11.2.1/../../../../../H-x86_64-pc-linux-gnu/nios2-elf/lib/mno-hw-mul/libc.a(lib_a-fflush.o)
 .text.__sflush_r
                0x000000000002682c      0x228 /home/danielcrovo/intelFPGA_lite/21.1/nios2eds/bin/gnu/H-x86_64-pc-linux-gnu/bin/../lib/gcc/nios2-elf/11.2.1/../../../../../H-x86_64-pc-linux-gnu/nios2-elf/lib/mno-hw-mul/libc.a(lib_a-fflush.o)
                0x000000000002682c                __sflush_r
 .text._fflush_r
                0x0000000000026a54       0x60 /home/danielcrovo/intelFPGA_lite/21.1/nios2eds/bin/gnu/H-x86_64-pc-linux-gnu/bin/../lib/gcc/nios2-elf/11.2.1/../../../../../H-x86_64-pc-linux-gnu/nios2-elf/lib/mno-hw-mul/libc.a(lib_a-fflush.o)
                0x0000000000026a54                _fflush_r
 .text.fflush   0x0000000000026ab4       0x84 /home/danielcrovo/intelFPGA_lite/21.1/nios2eds/bin/gnu/H-x86_64-pc-linux-gnu/bin/../lib/gcc/nios2-elf/11.2.1/../../../../../H-x86_64-pc-linux-gnu/nios2-elf/lib/mno-hw-mul/libc.a(lib_a-fflush.o)
                0x0000000000026ab4                fflush
 .text          0x0000000000026b38        0x0 /home/danielcrovo/intelFPGA_lite/21.1/nios2eds/bin/gnu/H-x86_64-pc-linux-gnu/bin/../lib/gcc/nios2-elf/11.2.1/../../../../../H-x86_64-pc-linux-gnu/nios2-elf/lib/mno-hw-mul/libc.a(lib_a-findfp.o)
 .text.__fp_lock
                0x0000000000026b38        0x8 /home/danielcrovo/intelFPGA_lite/21.1/nios2eds/bin/gnu/H-x86_64-pc-linux-gnu/bin/../lib/gcc/nios2-elf/11.2.1/../../../../../H-x86_64-pc-linux-gnu/nios2-elf/lib/mno-hw-mul/libc.a(lib_a-findfp.o)
 .text._cleanup_r
                0x0000000000026b40        0xc /home/danielcrovo/intelFPGA_lite/21.1/nios2eds/bin/gnu/H-x86_64-pc-linux-gnu/bin/../lib/gcc/nios2-elf/11.2.1/../../../../../H-x86_64-pc-linux-gnu/nios2-elf/lib/mno-hw-mul/libc.a(lib_a-findfp.o)
                0x0000000000026b40                _cleanup_r
 .text.__fp_unlock
                0x0000000000026b4c        0x8 /home/danielcrovo/intelFPGA_lite/21.1/nios2eds/bin/gnu/H-x86_64-pc-linux-gnu/bin/../lib/gcc/nios2-elf/11.2.1/../../../../../H-x86_64-pc-linux-gnu/nios2-elf/lib/mno-hw-mul/libc.a(lib_a-findfp.o)
 .text.__sinit.part.0
                0x0000000000026b54      0x168 /home/danielcrovo/intelFPGA_lite/21.1/nios2eds/bin/gnu/H-x86_64-pc-linux-gnu/bin/../lib/gcc/nios2-elf/11.2.1/../../../../../H-x86_64-pc-linux-gnu/nios2-elf/lib/mno-hw-mul/libc.a(lib_a-findfp.o)
 .text.__sfmoreglue
                0x0000000000026cbc       0x78 /home/danielcrovo/intelFPGA_lite/21.1/nios2eds/bin/gnu/H-x86_64-pc-linux-gnu/bin/../lib/gcc/nios2-elf/11.2.1/../../../../../H-x86_64-pc-linux-gnu/nios2-elf/lib/mno-hw-mul/libc.a(lib_a-findfp.o)
                0x0000000000026cbc                __sfmoreglue
 .text.__sfp    0x0000000000026d34      0x13c /home/danielcrovo/intelFPGA_lite/21.1/nios2eds/bin/gnu/H-x86_64-pc-linux-gnu/bin/../lib/gcc/nios2-elf/11.2.1/../../../../../H-x86_64-pc-linux-gnu/nios2-elf/lib/mno-hw-mul/libc.a(lib_a-findfp.o)
                0x0000000000026d34                __sfp
 .text._cleanup
                0x0000000000026e70       0x14 /home/danielcrovo/intelFPGA_lite/21.1/nios2eds/bin/gnu/H-x86_64-pc-linux-gnu/bin/../lib/gcc/nios2-elf/11.2.1/../../../../../H-x86_64-pc-linux-gnu/nios2-elf/lib/mno-hw-mul/libc.a(lib_a-findfp.o)
                0x0000000000026e70                _cleanup
 .text.__sinit  0x0000000000026e84       0x10 /home/danielcrovo/intelFPGA_lite/21.1/nios2eds/bin/gnu/H-x86_64-pc-linux-gnu/bin/../lib/gcc/nios2-elf/11.2.1/../../../../../H-x86_64-pc-linux-gnu/nios2-elf/lib/mno-hw-mul/libc.a(lib_a-findfp.o)
                0x0000000000026e84                __sinit
 .text.__sfp_lock_acquire
                0x0000000000026e94        0x4 /home/danielcrovo/intelFPGA_lite/21.1/nios2eds/bin/gnu/H-x86_64-pc-linux-gnu/bin/../lib/gcc/nios2-elf/11.2.1/../../../../../H-x86_64-pc-linux-gnu/nios2-elf/lib/mno-hw-mul/libc.a(lib_a-findfp.o)
                0x0000000000026e94                __sfp_lock_acquire
 .text.__sfp_lock_release
                0x0000000000026e98        0x4 /home/danielcrovo/intelFPGA_lite/21.1/nios2eds/bin/gnu/H-x86_64-pc-linux-gnu/bin/../lib/gcc/nios2-elf/11.2.1/../../../../../H-x86_64-pc-linux-gnu/nios2-elf/lib/mno-hw-mul/libc.a(lib_a-findfp.o)
                0x0000000000026e98                __sfp_lock_release
 .text.__sinit_lock_acquire
                0x0000000000026e9c        0x4 /home/danielcrovo/intelFPGA_lite/21.1/nios2eds/bin/gnu/H-x86_64-pc-linux-gnu/bin/../lib/gcc/nios2-elf/11.2.1/../../../../../H-x86_64-pc-linux-gnu/nios2-elf/lib/mno-hw-mul/libc.a(lib_a-findfp.o)
                0x0000000000026e9c                __sinit_lock_acquire
 .text.__sinit_lock_release
                0x0000000000026ea0        0x4 /home/danielcrovo/intelFPGA_lite/21.1/nios2eds/bin/gnu/H-x86_64-pc-linux-gnu/bin/../lib/gcc/nios2-elf/11.2.1/../../../../../H-x86_64-pc-linux-gnu/nios2-elf/lib/mno-hw-mul/libc.a(lib_a-findfp.o)
                0x0000000000026ea0                __sinit_lock_release
 .text.__fp_lock_all
                0x0000000000026ea4       0x14 /home/danielcrovo/intelFPGA_lite/21.1/nios2eds/bin/gnu/H-x86_64-pc-linux-gnu/bin/../lib/gcc/nios2-elf/11.2.1/../../../../../H-x86_64-pc-linux-gnu/nios2-elf/lib/mno-hw-mul/libc.a(lib_a-findfp.o)
                0x0000000000026ea4                __fp_lock_all
 .text.__fp_unlock_all
                0x0000000000026eb8       0x14 /home/danielcrovo/intelFPGA_lite/21.1/nios2eds/bin/gnu/H-x86_64-pc-linux-gnu/bin/../lib/gcc/nios2-elf/11.2.1/../../../../../H-x86_64-pc-linux-gnu/nios2-elf/lib/mno-hw-mul/libc.a(lib_a-findfp.o)
                0x0000000000026eb8                __fp_unlock_all
 .text          0x0000000000026ecc        0x0 /home/danielcrovo/intelFPGA_lite/21.1/nios2eds/bin/gnu/H-x86_64-pc-linux-gnu/bin/../lib/gcc/nios2-elf/11.2.1/../../../../../H-x86_64-pc-linux-gnu/nios2-elf/lib/mno-hw-mul/libc.a(lib_a-fread.o)
 .text._fread_r
                0x0000000000026ecc      0x254 /home/danielcrovo/intelFPGA_lite/21.1/nios2eds/bin/gnu/H-x86_64-pc-linux-gnu/bin/../lib/gcc/nios2-elf/11.2.1/../../../../../H-x86_64-pc-linux-gnu/nios2-elf/lib/mno-hw-mul/libc.a(lib_a-fread.o)
                0x0000000000026ecc                _fread_r
 .text.fread    0x0000000000027120       0x34 /home/danielcrovo/intelFPGA_lite/21.1/nios2eds/bin/gnu/H-x86_64-pc-linux-gnu/bin/../lib/gcc/nios2-elf/11.2.1/../../../../../H-x86_64-pc-linux-gnu/nios2-elf/lib/mno-hw-mul/libc.a(lib_a-fread.o)
                0x0000000000027120                fread
 .text          0x0000000000027154        0x0 /home/danielcrovo/intelFPGA_lite/21.1/nios2eds/bin/gnu/H-x86_64-pc-linux-gnu/bin/../lib/gcc/nios2-elf/11.2.1/../../../../../H-x86_64-pc-linux-gnu/nios2-elf/lib/mno-hw-mul/libc.a(lib_a-freer.o)
 .text._malloc_trim_r
                0x0000000000027154      0x11c /home/danielcrovo/intelFPGA_lite/21.1/nios2eds/bin/gnu/H-x86_64-pc-linux-gnu/bin/../lib/gcc/nios2-elf/11.2.1/../../../../../H-x86_64-pc-linux-gnu/nios2-elf/lib/mno-hw-mul/libc.a(lib_a-freer.o)
                0x0000000000027154                _malloc_trim_r
 .text._free_r  0x0000000000027270      0x2fc /home/danielcrovo/intelFPGA_lite/21.1/nios2eds/bin/gnu/H-x86_64-pc-linux-gnu/bin/../lib/gcc/nios2-elf/11.2.1/../../../../../H-x86_64-pc-linux-gnu/nios2-elf/lib/mno-hw-mul/libc.a(lib_a-freer.o)
                0x0000000000027270                _free_r
 .text          0x000000000002756c        0x0 /home/danielcrovo/intelFPGA_lite/21.1/nios2eds/bin/gnu/H-x86_64-pc-linux-gnu/bin/../lib/gcc/nios2-elf/11.2.1/../../../../../H-x86_64-pc-linux-gnu/nios2-elf/lib/mno-hw-mul/libc.a(lib_a-fvwrite.o)
 .text.__sfvwrite_r
                0x000000000002756c      0x4cc /home/danielcrovo/intelFPGA_lite/21.1/nios2eds/bin/gnu/H-x86_64-pc-linux-gnu/bin/../lib/gcc/nios2-elf/11.2.1/../../../../../H-x86_64-pc-linux-gnu/nios2-elf/lib/mno-hw-mul/libc.a(lib_a-fvwrite.o)
                0x000000000002756c                __sfvwrite_r
 .text          0x0000000000027a38        0x0 /home/danielcrovo/intelFPGA_lite/21.1/nios2eds/bin/gnu/H-x86_64-pc-linux-gnu/bin/../lib/gcc/nios2-elf/11.2.1/../../../../../H-x86_64-pc-linux-gnu/nios2-elf/lib/mno-hw-mul/libc.a(lib_a-fwalk.o)
 .text._fwalk   0x0000000000027a38       0x98 /home/danielcrovo/intelFPGA_lite/21.1/nios2eds/bin/gnu/H-x86_64-pc-linux-gnu/bin/../lib/gcc/nios2-elf/11.2.1/../../../../../H-x86_64-pc-linux-gnu/nios2-elf/lib/mno-hw-mul/libc.a(lib_a-fwalk.o)
                0x0000000000027a38                _fwalk
 .text._fwalk_reent
                0x0000000000027ad0       0xa8 /home/danielcrovo/intelFPGA_lite/21.1/nios2eds/bin/gnu/H-x86_64-pc-linux-gnu/bin/../lib/gcc/nios2-elf/11.2.1/../../../../../H-x86_64-pc-linux-gnu/nios2-elf/lib/mno-hw-mul/libc.a(lib_a-fwalk.o)
                0x0000000000027ad0                _fwalk_reent
 .text          0x0000000000027b78        0x0 /home/danielcrovo/intelFPGA_lite/21.1/nios2eds/bin/gnu/H-x86_64-pc-linux-gnu/bin/../lib/gcc/nios2-elf/11.2.1/../../../../../H-x86_64-pc-linux-gnu/nios2-elf/lib/mno-hw-mul/libc.a(lib_a-impure.o)
 .text          0x0000000000027b78        0x0 /home/danielcrovo/intelFPGA_lite/21.1/nios2eds/bin/gnu/H-x86_64-pc-linux-gnu/bin/../lib/gcc/nios2-elf/11.2.1/../../../../../H-x86_64-pc-linux-gnu/nios2-elf/lib/mno-hw-mul/libc.a(lib_a-iswspace.o)
 .text.iswspace
                0x0000000000027b78        0x8 /home/danielcrovo/intelFPGA_lite/21.1/nios2eds/bin/gnu/H-x86_64-pc-linux-gnu/bin/../lib/gcc/nios2-elf/11.2.1/../../../../../H-x86_64-pc-linux-gnu/nios2-elf/lib/mno-hw-mul/libc.a(lib_a-iswspace.o)
                0x0000000000027b78                iswspace
 .text          0x0000000000027b80        0x0 /home/danielcrovo/intelFPGA_lite/21.1/nios2eds/bin/gnu/H-x86_64-pc-linux-gnu/bin/../lib/gcc/nios2-elf/11.2.1/../../../../../H-x86_64-pc-linux-gnu/nios2-elf/lib/mno-hw-mul/libc.a(lib_a-iswspace_l.o)
 .text.iswspace_l
                0x0000000000027b80       0x24 /home/danielcrovo/intelFPGA_lite/21.1/nios2eds/bin/gnu/H-x86_64-pc-linux-gnu/bin/../lib/gcc/nios2-elf/11.2.1/../../../../../H-x86_64-pc-linux-gnu/nios2-elf/lib/mno-hw-mul/libc.a(lib_a-iswspace_l.o)
                0x0000000000027b80                iswspace_l
 .text          0x0000000000027ba4        0x0 /home/danielcrovo/intelFPGA_lite/21.1/nios2eds/bin/gnu/H-x86_64-pc-linux-gnu/bin/../lib/gcc/nios2-elf/11.2.1/../../../../../H-x86_64-pc-linux-gnu/nios2-elf/lib/mno-hw-mul/libc.a(lib_a-locale.o)
 .text._setlocale_r
                0x0000000000027ba4       0x74 /home/danielcrovo/intelFPGA_lite/21.1/nios2eds/bin/gnu/H-x86_64-pc-linux-gnu/bin/../lib/gcc/nios2-elf/11.2.1/../../../../../H-x86_64-pc-linux-gnu/nios2-elf/lib/mno-hw-mul/libc.a(lib_a-locale.o)
                0x0000000000027ba4                _setlocale_r
 .text.__locale_mb_cur_max
                0x0000000000027c18        0xc /home/danielcrovo/intelFPGA_lite/21.1/nios2eds/bin/gnu/H-x86_64-pc-linux-gnu/bin/../lib/gcc/nios2-elf/11.2.1/../../../../../H-x86_64-pc-linux-gnu/nios2-elf/lib/mno-hw-mul/libc.a(lib_a-locale.o)
                0x0000000000027c18                __locale_mb_cur_max
 .text.setlocale
                0x0000000000027c24       0x74 /home/danielcrovo/intelFPGA_lite/21.1/nios2eds/bin/gnu/H-x86_64-pc-linux-gnu/bin/../lib/gcc/nios2-elf/11.2.1/../../../../../H-x86_64-pc-linux-gnu/nios2-elf/lib/mno-hw-mul/libc.a(lib_a-locale.o)
                0x0000000000027c24                setlocale
 .text          0x0000000000027c98        0x0 /home/danielcrovo/intelFPGA_lite/21.1/nios2eds/bin/gnu/H-x86_64-pc-linux-gnu/bin/../lib/gcc/nios2-elf/11.2.1/../../../../../H-x86_64-pc-linux-gnu/nios2-elf/lib/mno-hw-mul/libc.a(lib_a-localeconv.o)
 .text.__localeconv_l
                0x0000000000027c98        0x8 /home/danielcrovo/intelFPGA_lite/21.1/nios2eds/bin/gnu/H-x86_64-pc-linux-gnu/bin/../lib/gcc/nios2-elf/11.2.1/../../../../../H-x86_64-pc-linux-gnu/nios2-elf/lib/mno-hw-mul/libc.a(lib_a-localeconv.o)
                0x0000000000027c98                __localeconv_l
 .text._localeconv_r
                0x0000000000027ca0        0xc /home/danielcrovo/intelFPGA_lite/21.1/nios2eds/bin/gnu/H-x86_64-pc-linux-gnu/bin/../lib/gcc/nios2-elf/11.2.1/../../../../../H-x86_64-pc-linux-gnu/nios2-elf/lib/mno-hw-mul/libc.a(lib_a-localeconv.o)
                0x0000000000027ca0                _localeconv_r
 .text.localeconv
                0x0000000000027cac        0xc /home/danielcrovo/intelFPGA_lite/21.1/nios2eds/bin/gnu/H-x86_64-pc-linux-gnu/bin/../lib/gcc/nios2-elf/11.2.1/../../../../../H-x86_64-pc-linux-gnu/nios2-elf/lib/mno-hw-mul/libc.a(lib_a-localeconv.o)
                0x0000000000027cac                localeconv
 .text          0x0000000000027cb8        0x0 /home/danielcrovo/intelFPGA_lite/21.1/nios2eds/bin/gnu/H-x86_64-pc-linux-gnu/bin/../lib/gcc/nios2-elf/11.2.1/../../../../../H-x86_64-pc-linux-gnu/nios2-elf/lib/mno-hw-mul/libc.a(lib_a-makebuf.o)
 .text.__smakebuf_r
                0x0000000000027cb8      0x1b0 /home/danielcrovo/intelFPGA_lite/21.1/nios2eds/bin/gnu/H-x86_64-pc-linux-gnu/bin/../lib/gcc/nios2-elf/11.2.1/../../../../../H-x86_64-pc-linux-gnu/nios2-elf/lib/mno-hw-mul/libc.a(lib_a-makebuf.o)
                0x0000000000027cb8                __smakebuf_r
 .text.__swhatbuf_r
                0x0000000000027e68       0x90 /home/danielcrovo/intelFPGA_lite/21.1/nios2eds/bin/gnu/H-x86_64-pc-linux-gnu/bin/../lib/gcc/nios2-elf/11.2.1/../../../../../H-x86_64-pc-linux-gnu/nios2-elf/lib/mno-hw-mul/libc.a(lib_a-makebuf.o)
                0x0000000000027e68                __swhatbuf_r
 .text          0x0000000000027ef8        0x0 /home/danielcrovo/intelFPGA_lite/21.1/nios2eds/bin/gnu/H-x86_64-pc-linux-gnu/bin/../lib/gcc/nios2-elf/11.2.1/../../../../../H-x86_64-pc-linux-gnu/nios2-elf/lib/mno-hw-mul/libc.a(lib_a-mallocr.o)
 .text._malloc_r
                0x0000000000027ef8      0x7e4 /home/danielcrovo/intelFPGA_lite/21.1/nios2eds/bin/gnu/H-x86_64-pc-linux-gnu/bin/../lib/gcc/nios2-elf/11.2.1/../../../../../H-x86_64-pc-linux-gnu/nios2-elf/lib/mno-hw-mul/libc.a(lib_a-mallocr.o)
                0x0000000000027ef8                _malloc_r
 .text          0x00000000000286dc        0x0 /home/danielcrovo/intelFPGA_lite/21.1/nios2eds/bin/gnu/H-x86_64-pc-linux-gnu/bin/../lib/gcc/nios2-elf/11.2.1/../../../../../H-x86_64-pc-linux-gnu/nios2-elf/lib/mno-hw-mul/libc.a(lib_a-mbrtowc.o)
 .text._mbrtowc_r
                0x00000000000286dc       0x7c /home/danielcrovo/intelFPGA_lite/21.1/nios2eds/bin/gnu/H-x86_64-pc-linux-gnu/bin/../lib/gcc/nios2-elf/11.2.1/../../../../../H-x86_64-pc-linux-gnu/nios2-elf/lib/mno-hw-mul/libc.a(lib_a-mbrtowc.o)
                0x00000000000286dc                _mbrtowc_r
 .text.mbrtowc  0x0000000000028758       0x90 /home/danielcrovo/intelFPGA_lite/21.1/nios2eds/bin/gnu/H-x86_64-pc-linux-gnu/bin/../lib/gcc/nios2-elf/11.2.1/../../../../../H-x86_64-pc-linux-gnu/nios2-elf/lib/mno-hw-mul/libc.a(lib_a-mbrtowc.o)
                0x0000000000028758                mbrtowc
 .text          0x00000000000287e8        0x0 /home/danielcrovo/intelFPGA_lite/21.1/nios2eds/bin/gnu/H-x86_64-pc-linux-gnu/bin/../lib/gcc/nios2-elf/11.2.1/../../../../../H-x86_64-pc-linux-gnu/nios2-elf/lib/mno-hw-mul/libc.a(lib_a-mbtowc_r.o)
 .text._mbtowc_r
                0x00000000000287e8        0xc /home/danielcrovo/intelFPGA_lite/21.1/nios2eds/bin/gnu/H-x86_64-pc-linux-gnu/bin/../lib/gcc/nios2-elf/11.2.1/../../../../../H-x86_64-pc-linux-gnu/nios2-elf/lib/mno-hw-mul/libc.a(lib_a-mbtowc_r.o)
                0x00000000000287e8                _mbtowc_r
 .text.__ascii_mbtowc
                0x00000000000287f4       0x44 /home/danielcrovo/intelFPGA_lite/21.1/nios2eds/bin/gnu/H-x86_64-pc-linux-gnu/bin/../lib/gcc/nios2-elf/11.2.1/../../../../../H-x86_64-pc-linux-gnu/nios2-elf/lib/mno-hw-mul/libc.a(lib_a-mbtowc_r.o)
                0x00000000000287f4                __ascii_mbtowc
 .text          0x0000000000028838        0x0 /home/danielcrovo/intelFPGA_lite/21.1/nios2eds/bin/gnu/H-x86_64-pc-linux-gnu/bin/../lib/gcc/nios2-elf/11.2.1/../../../../../H-x86_64-pc-linux-gnu/nios2-elf/lib/mno-hw-mul/libc.a(lib_a-memchr.o)
 .text.memchr   0x0000000000028838       0xcc /home/danielcrovo/intelFPGA_lite/21.1/nios2eds/bin/gnu/H-x86_64-pc-linux-gnu/bin/../lib/gcc/nios2-elf/11.2.1/../../../../../H-x86_64-pc-linux-gnu/nios2-elf/lib/mno-hw-mul/libc.a(lib_a-memchr.o)
                0x0000000000028838                memchr
 .text          0x0000000000028904        0x0 /home/danielcrovo/intelFPGA_lite/21.1/nios2eds/bin/gnu/H-x86_64-pc-linux-gnu/bin/../lib/gcc/nios2-elf/11.2.1/../../../../../H-x86_64-pc-linux-gnu/nios2-elf/lib/mno-hw-mul/libc.a(lib_a-memcpy.o)
 .text.memcpy   0x0000000000028904      0x100 /home/danielcrovo/intelFPGA_lite/21.1/nios2eds/bin/gnu/H-x86_64-pc-linux-gnu/bin/../lib/gcc/nios2-elf/11.2.1/../../../../../H-x86_64-pc-linux-gnu/nios2-elf/lib/mno-hw-mul/libc.a(lib_a-memcpy.o)
                0x0000000000028904                memcpy
 .text          0x0000000000028a04        0x0 /home/danielcrovo/intelFPGA_lite/21.1/nios2eds/bin/gnu/H-x86_64-pc-linux-gnu/bin/../lib/gcc/nios2-elf/11.2.1/../../../../../H-x86_64-pc-linux-gnu/nios2-elf/lib/mno-hw-mul/libc.a(lib_a-memmove.o)
 .text.memmove  0x0000000000028a04      0x12c /home/danielcrovo/intelFPGA_lite/21.1/nios2eds/bin/gnu/H-x86_64-pc-linux-gnu/bin/../lib/gcc/nios2-elf/11.2.1/../../../../../H-x86_64-pc-linux-gnu/nios2-elf/lib/mno-hw-mul/libc.a(lib_a-memmove.o)
                0x0000000000028a04                memmove
 .text          0x0000000000028b30        0x0 /home/danielcrovo/intelFPGA_lite/21.1/nios2eds/bin/gnu/H-x86_64-pc-linux-gnu/bin/../lib/gcc/nios2-elf/11.2.1/../../../../../H-x86_64-pc-linux-gnu/nios2-elf/lib/mno-hw-mul/libc.a(lib_a-memset.o)
 .text.memset   0x0000000000028b30       0xf4 /home/danielcrovo/intelFPGA_lite/21.1/nios2eds/bin/gnu/H-x86_64-pc-linux-gnu/bin/../lib/gcc/nios2-elf/11.2.1/../../../../../H-x86_64-pc-linux-gnu/nios2-elf/lib/mno-hw-mul/libc.a(lib_a-memset.o)
                0x0000000000028b30                memset
 .text          0x0000000000028c24        0x0 /home/danielcrovo/intelFPGA_lite/21.1/nios2eds/bin/gnu/H-x86_64-pc-linux-gnu/bin/../lib/gcc/nios2-elf/11.2.1/../../../../../H-x86_64-pc-linux-gnu/nios2-elf/lib/mno-hw-mul/libc.a(lib_a-mprec.o)
 .text._Balloc  0x0000000000028c24       0xa4 /home/danielcrovo/intelFPGA_lite/21.1/nios2eds/bin/gnu/H-x86_64-pc-linux-gnu/bin/../lib/gcc/nios2-elf/11.2.1/../../../../../H-x86_64-pc-linux-gnu/nios2-elf/lib/mno-hw-mul/libc.a(lib_a-mprec.o)
                0x0000000000028c24                _Balloc
 .text._Bfree   0x0000000000028cc8       0x24 /home/danielcrovo/intelFPGA_lite/21.1/nios2eds/bin/gnu/H-x86_64-pc-linux-gnu/bin/../lib/gcc/nios2-elf/11.2.1/../../../../../H-x86_64-pc-linux-gnu/nios2-elf/lib/mno-hw-mul/libc.a(lib_a-mprec.o)
                0x0000000000028cc8                _Bfree
 .text.__multadd
                0x0000000000028cec      0x15c /home/danielcrovo/intelFPGA_lite/21.1/nios2eds/bin/gnu/H-x86_64-pc-linux-gnu/bin/../lib/gcc/nios2-elf/11.2.1/../../../../../H-x86_64-pc-linux-gnu/nios2-elf/lib/mno-hw-mul/libc.a(lib_a-mprec.o)
                0x0000000000028cec                __multadd
 .text.__s2b    0x0000000000028e48      0x138 /home/danielcrovo/intelFPGA_lite/21.1/nios2eds/bin/gnu/H-x86_64-pc-linux-gnu/bin/../lib/gcc/nios2-elf/11.2.1/../../../../../H-x86_64-pc-linux-gnu/nios2-elf/lib/mno-hw-mul/libc.a(lib_a-mprec.o)
                0x0000000000028e48                __s2b
 .text.__hi0bits
                0x0000000000028f80       0x64 /home/danielcrovo/intelFPGA_lite/21.1/nios2eds/bin/gnu/H-x86_64-pc-linux-gnu/bin/../lib/gcc/nios2-elf/11.2.1/../../../../../H-x86_64-pc-linux-gnu/nios2-elf/lib/mno-hw-mul/libc.a(lib_a-mprec.o)
                0x0000000000028f80                __hi0bits
 .text.__lo0bits
                0x0000000000028fe4       0xb0 /home/danielcrovo/intelFPGA_lite/21.1/nios2eds/bin/gnu/H-x86_64-pc-linux-gnu/bin/../lib/gcc/nios2-elf/11.2.1/../../../../../H-x86_64-pc-linux-gnu/nios2-elf/lib/mno-hw-mul/libc.a(lib_a-mprec.o)
                0x0000000000028fe4                __lo0bits
 .text.__i2b    0x0000000000029094       0xb0 /home/danielcrovo/intelFPGA_lite/21.1/nios2eds/bin/gnu/H-x86_64-pc-linux-gnu/bin/../lib/gcc/nios2-elf/11.2.1/../../../../../H-x86_64-pc-linux-gnu/nios2-elf/lib/mno-hw-mul/libc.a(lib_a-mprec.o)
                0x0000000000029094                __i2b
 .text.__multiply
                0x0000000000029144      0x2c4 /home/danielcrovo/intelFPGA_lite/21.1/nios2eds/bin/gnu/H-x86_64-pc-linux-gnu/bin/../lib/gcc/nios2-elf/11.2.1/../../../../../H-x86_64-pc-linux-gnu/nios2-elf/lib/mno-hw-mul/libc.a(lib_a-mprec.o)
                0x0000000000029144                __multiply
 .text.__pow5mult
                0x0000000000029408      0x148 /home/danielcrovo/intelFPGA_lite/21.1/nios2eds/bin/gnu/H-x86_64-pc-linux-gnu/bin/../lib/gcc/nios2-elf/11.2.1/../../../../../H-x86_64-pc-linux-gnu/nios2-elf/lib/mno-hw-mul/libc.a(lib_a-mprec.o)
                0x0000000000029408                __pow5mult
 .text.__lshift
                0x0000000000029550      0x188 /home/danielcrovo/intelFPGA_lite/21.1/nios2eds/bin/gnu/H-x86_64-pc-linux-gnu/bin/../lib/gcc/nios2-elf/11.2.1/../../../../../H-x86_64-pc-linux-gnu/nios2-elf/lib/mno-hw-mul/libc.a(lib_a-mprec.o)
                0x0000000000029550                __lshift
 .text.__mcmp   0x00000000000296d8       0x58 /home/danielcrovo/intelFPGA_lite/21.1/nios2eds/bin/gnu/H-x86_64-pc-linux-gnu/bin/../lib/gcc/nios2-elf/11.2.1/../../../../../H-x86_64-pc-linux-gnu/nios2-elf/lib/mno-hw-mul/libc.a(lib_a-mprec.o)
                0x00000000000296d8                __mcmp
 .text.__mdiff  0x0000000000029730      0x22c /home/danielcrovo/intelFPGA_lite/21.1/nios2eds/bin/gnu/H-x86_64-pc-linux-gnu/bin/../lib/gcc/nios2-elf/11.2.1/../../../../../H-x86_64-pc-linux-gnu/nios2-elf/lib/mno-hw-mul/libc.a(lib_a-mprec.o)
                0x0000000000029730                __mdiff
 .text.__ulp    0x000000000002995c       0x60 /home/danielcrovo/intelFPGA_lite/21.1/nios2eds/bin/gnu/H-x86_64-pc-linux-gnu/bin/../lib/gcc/nios2-elf/11.2.1/../../../../../H-x86_64-pc-linux-gnu/nios2-elf/lib/mno-hw-mul/libc.a(lib_a-mprec.o)
                0x000000000002995c                __ulp
 .text.__b2d    0x00000000000299bc       0xf8 /home/danielcrovo/intelFPGA_lite/21.1/nios2eds/bin/gnu/H-x86_64-pc-linux-gnu/bin/../lib/gcc/nios2-elf/11.2.1/../../../../../H-x86_64-pc-linux-gnu/nios2-elf/lib/mno-hw-mul/libc.a(lib_a-mprec.o)
                0x00000000000299bc                __b2d
 .text.__d2b    0x0000000000029ab4      0x158 /home/danielcrovo/intelFPGA_lite/21.1/nios2eds/bin/gnu/H-x86_64-pc-linux-gnu/bin/../lib/gcc/nios2-elf/11.2.1/../../../../../H-x86_64-pc-linux-gnu/nios2-elf/lib/mno-hw-mul/libc.a(lib_a-mprec.o)
                0x0000000000029ab4                __d2b
 .text.__ratio  0x0000000000029c0c       0xa4 /home/danielcrovo/intelFPGA_lite/21.1/nios2eds/bin/gnu/H-x86_64-pc-linux-gnu/bin/../lib/gcc/nios2-elf/11.2.1/../../../../../H-x86_64-pc-linux-gnu/nios2-elf/lib/mno-hw-mul/libc.a(lib_a-mprec.o)
                0x0000000000029c0c                __ratio
 .text._mprec_log10
                0x0000000000029cb0       0x70 /home/danielcrovo/intelFPGA_lite/21.1/nios2eds/bin/gnu/H-x86_64-pc-linux-gnu/bin/../lib/gcc/nios2-elf/11.2.1/../../../../../H-x86_64-pc-linux-gnu/nios2-elf/lib/mno-hw-mul/libc.a(lib_a-mprec.o)
                0x0000000000029cb0                _mprec_log10
 .text.__copybits
                0x0000000000029d20       0x7c /home/danielcrovo/intelFPGA_lite/21.1/nios2eds/bin/gnu/H-x86_64-pc-linux-gnu/bin/../lib/gcc/nios2-elf/11.2.1/../../../../../H-x86_64-pc-linux-gnu/nios2-elf/lib/mno-hw-mul/libc.a(lib_a-mprec.o)
                0x0000000000029d20                __copybits
 .text.__any_on
                0x0000000000029d9c       0x60 /home/danielcrovo/intelFPGA_lite/21.1/nios2eds/bin/gnu/H-x86_64-pc-linux-gnu/bin/../lib/gcc/nios2-elf/11.2.1/../../../../../H-x86_64-pc-linux-gnu/nios2-elf/lib/mno-hw-mul/libc.a(lib_a-mprec.o)
                0x0000000000029d9c                __any_on
 .text          0x0000000000029dfc        0x0 /home/danielcrovo/intelFPGA_lite/21.1/nios2eds/bin/gnu/H-x86_64-pc-linux-gnu/bin/../lib/gcc/nios2-elf/11.2.1/../../../../../H-x86_64-pc-linux-gnu/nios2-elf/lib/mno-hw-mul/libc.a(lib_a-reallocr.o)
 .text._realloc_r
                0x0000000000029dfc      0x570 /home/danielcrovo/intelFPGA_lite/21.1/nios2eds/bin/gnu/H-x86_64-pc-linux-gnu/bin/../lib/gcc/nios2-elf/11.2.1/../../../../../H-x86_64-pc-linux-gnu/nios2-elf/lib/mno-hw-mul/libc.a(lib_a-reallocr.o)
                0x0000000000029dfc                _realloc_r
 .text          0x000000000002a36c        0x0 /home/danielcrovo/intelFPGA_lite/21.1/nios2eds/bin/gnu/H-x86_64-pc-linux-gnu/bin/../lib/gcc/nios2-elf/11.2.1/../../../../../H-x86_64-pc-linux-gnu/nios2-elf/lib/mno-hw-mul/libc.a(lib_a-refill.o)
 .text.lflush   0x000000000002a36c       0x1c /home/danielcrovo/intelFPGA_lite/21.1/nios2eds/bin/gnu/H-x86_64-pc-linux-gnu/bin/../lib/gcc/nios2-elf/11.2.1/../../../../../H-x86_64-pc-linux-gnu/nios2-elf/lib/mno-hw-mul/libc.a(lib_a-refill.o)
 .text.__srefill_r
                0x000000000002a388      0x1cc /home/danielcrovo/intelFPGA_lite/21.1/nios2eds/bin/gnu/H-x86_64-pc-linux-gnu/bin/../lib/gcc/nios2-elf/11.2.1/../../../../../H-x86_64-pc-linux-gnu/nios2-elf/lib/mno-hw-mul/libc.a(lib_a-refill.o)
                0x000000000002a388                __srefill_r
 .text          0x000000000002a554        0x0 /home/danielcrovo/intelFPGA_lite/21.1/nios2eds/bin/gnu/H-x86_64-pc-linux-gnu/bin/../lib/gcc/nios2-elf/11.2.1/../../../../../H-x86_64-pc-linux-gnu/nios2-elf/lib/mno-hw-mul/libc.a(lib_a-sbrkr.o)
 .text._sbrk_r  0x000000000002a554       0x58 /home/danielcrovo/intelFPGA_lite/21.1/nios2eds/bin/gnu/H-x86_64-pc-linux-gnu/bin/../lib/gcc/nios2-elf/11.2.1/../../../../../H-x86_64-pc-linux-gnu/nios2-elf/lib/mno-hw-mul/libc.a(lib_a-sbrkr.o)
                0x000000000002a554                _sbrk_r
 .text          0x000000000002a5ac        0x0 /home/danielcrovo/intelFPGA_lite/21.1/nios2eds/bin/gnu/H-x86_64-pc-linux-gnu/bin/../lib/gcc/nios2-elf/11.2.1/../../../../../H-x86_64-pc-linux-gnu/nios2-elf/lib/mno-hw-mul/libc.a(lib_a-sccl.o)
 .text.__sccl   0x000000000002a5ac      0x148 /home/danielcrovo/intelFPGA_lite/21.1/nios2eds/bin/gnu/H-x86_64-pc-linux-gnu/bin/../lib/gcc/nios2-elf/11.2.1/../../../../../H-x86_64-pc-linux-gnu/nios2-elf/lib/mno-hw-mul/libc.a(lib_a-sccl.o)
                0x000000000002a5ac                __sccl
 .text          0x000000000002a6f4        0x0 /home/danielcrovo/intelFPGA_lite/21.1/nios2eds/bin/gnu/H-x86_64-pc-linux-gnu/bin/../lib/gcc/nios2-elf/11.2.1/../../../../../H-x86_64-pc-linux-gnu/nios2-elf/lib/mno-hw-mul/libc.a(lib_a-sprintf.o)
 .text._sprintf_r
                0x000000000002a6f4       0x54 /home/danielcrovo/intelFPGA_lite/21.1/nios2eds/bin/gnu/H-x86_64-pc-linux-gnu/bin/../lib/gcc/nios2-elf/11.2.1/../../../../../H-x86_64-pc-linux-gnu/nios2-elf/lib/mno-hw-mul/libc.a(lib_a-sprintf.o)
                0x000000000002a6f4                _sprintf_r
 .text.sprintf  0x000000000002a748       0x64 /home/danielcrovo/intelFPGA_lite/21.1/nios2eds/bin/gnu/H-x86_64-pc-linux-gnu/bin/../lib/gcc/nios2-elf/11.2.1/../../../../../H-x86_64-pc-linux-gnu/nios2-elf/lib/mno-hw-mul/libc.a(lib_a-sprintf.o)
                0x000000000002a748                sprintf
 .text          0x000000000002a7ac        0x0 /home/danielcrovo/intelFPGA_lite/21.1/nios2eds/bin/gnu/H-x86_64-pc-linux-gnu/bin/../lib/gcc/nios2-elf/11.2.1/../../../../../H-x86_64-pc-linux-gnu/nios2-elf/lib/mno-hw-mul/libc.a(lib_a-stdio.o)
 .text.__sread  0x000000000002a7ac       0x54 /home/danielcrovo/intelFPGA_lite/21.1/nios2eds/bin/gnu/H-x86_64-pc-linux-gnu/bin/../lib/gcc/nios2-elf/11.2.1/../../../../../H-x86_64-pc-linux-gnu/nios2-elf/lib/mno-hw-mul/libc.a(lib_a-stdio.o)
                0x000000000002a7ac                __sread
 .text.__seofread
                0x000000000002a800        0x8 /home/danielcrovo/intelFPGA_lite/21.1/nios2eds/bin/gnu/H-x86_64-pc-linux-gnu/bin/../lib/gcc/nios2-elf/11.2.1/../../../../../H-x86_64-pc-linux-gnu/nios2-elf/lib/mno-hw-mul/libc.a(lib_a-stdio.o)
                0x000000000002a800                __seofread
 .text.__swrite
                0x000000000002a808       0x80 /home/danielcrovo/intelFPGA_lite/21.1/nios2eds/bin/gnu/H-x86_64-pc-linux-gnu/bin/../lib/gcc/nios2-elf/11.2.1/../../../../../H-x86_64-pc-linux-gnu/nios2-elf/lib/mno-hw-mul/libc.a(lib_a-stdio.o)
                0x000000000002a808                __swrite
 .text.__sseek  0x000000000002a888       0x5c /home/danielcrovo/intelFPGA_lite/21.1/nios2eds/bin/gnu/H-x86_64-pc-linux-gnu/bin/../lib/gcc/nios2-elf/11.2.1/../../../../../H-x86_64-pc-linux-gnu/nios2-elf/lib/mno-hw-mul/libc.a(lib_a-stdio.o)
                0x000000000002a888                __sseek
 .text.__sclose
                0x000000000002a8e4        0x8 /home/danielcrovo/intelFPGA_lite/21.1/nios2eds/bin/gnu/H-x86_64-pc-linux-gnu/bin/../lib/gcc/nios2-elf/11.2.1/../../../../../H-x86_64-pc-linux-gnu/nios2-elf/lib/mno-hw-mul/libc.a(lib_a-stdio.o)
                0x000000000002a8e4                __sclose
 .text          0x000000000002a8ec        0x0 /home/danielcrovo/intelFPGA_lite/21.1/nios2eds/bin/gnu/H-x86_64-pc-linux-gnu/bin/../lib/gcc/nios2-elf/11.2.1/../../../../../H-x86_64-pc-linux-gnu/nios2-elf/lib/mno-hw-mul/libc.a(lib_a-strcmp.o)
 .text.strcmp   0x000000000002a8ec       0xb8 /home/danielcrovo/intelFPGA_lite/21.1/nios2eds/bin/gnu/H-x86_64-pc-linux-gnu/bin/../lib/gcc/nios2-elf/11.2.1/../../../../../H-x86_64-pc-linux-gnu/nios2-elf/lib/mno-hw-mul/libc.a(lib_a-strcmp.o)
                0x000000000002a8ec                strcmp
 .text          0x000000000002a9a4        0x0 /home/danielcrovo/intelFPGA_lite/21.1/nios2eds/bin/gnu/H-x86_64-pc-linux-gnu/bin/../lib/gcc/nios2-elf/11.2.1/../../../../../H-x86_64-pc-linux-gnu/nios2-elf/lib/mno-hw-mul/libc.a(lib_a-strtod.o)
 .text._strtod_l
                0x000000000002a9a4     0x162c /home/danielcrovo/intelFPGA_lite/21.1/nios2eds/bin/gnu/H-x86_64-pc-linux-gnu/bin/../lib/gcc/nios2-elf/11.2.1/../../../../../H-x86_64-pc-linux-gnu/nios2-elf/lib/mno-hw-mul/libc.a(lib_a-strtod.o)
                0x000000000002a9a4                _strtod_l
 .text._strtod_r
                0x000000000002bfd0        0xc /home/danielcrovo/intelFPGA_lite/21.1/nios2eds/bin/gnu/H-x86_64-pc-linux-gnu/bin/../lib/gcc/nios2-elf/11.2.1/../../../../../H-x86_64-pc-linux-gnu/nios2-elf/lib/mno-hw-mul/libc.a(lib_a-strtod.o)
                0x000000000002bfd0                _strtod_r
 .text.strtod_l
                0x000000000002bfdc       0x1c /home/danielcrovo/intelFPGA_lite/21.1/nios2eds/bin/gnu/H-x86_64-pc-linux-gnu/bin/../lib/gcc/nios2-elf/11.2.1/../../../../../H-x86_64-pc-linux-gnu/nios2-elf/lib/mno-hw-mul/libc.a(lib_a-strtod.o)
                0x000000000002bfdc                strtod_l
 .text.strtod   0x000000000002bff8       0x20 /home/danielcrovo/intelFPGA_lite/21.1/nios2eds/bin/gnu/H-x86_64-pc-linux-gnu/bin/../lib/gcc/nios2-elf/11.2.1/../../../../../H-x86_64-pc-linux-gnu/nios2-elf/lib/mno-hw-mul/libc.a(lib_a-strtod.o)
                0x000000000002bff8                strtod
 .text.strtof_l
                0x000000000002c018      0x120 /home/danielcrovo/intelFPGA_lite/21.1/nios2eds/bin/gnu/H-x86_64-pc-linux-gnu/bin/../lib/gcc/nios2-elf/11.2.1/../../../../../H-x86_64-pc-linux-gnu/nios2-elf/lib/mno-hw-mul/libc.a(lib_a-strtod.o)
                0x000000000002c018                strtof_l
 .text.strtof   0x000000000002c138      0x124 /home/danielcrovo/intelFPGA_lite/21.1/nios2eds/bin/gnu/H-x86_64-pc-linux-gnu/bin/../lib/gcc/nios2-elf/11.2.1/../../../../../H-x86_64-pc-linux-gnu/nios2-elf/lib/mno-hw-mul/libc.a(lib_a-strtod.o)
                0x000000000002c138                strtof
 .text          0x000000000002c25c        0x0 /home/danielcrovo/intelFPGA_lite/21.1/nios2eds/bin/gnu/H-x86_64-pc-linux-gnu/bin/../lib/gcc/nios2-elf/11.2.1/../../../../../H-x86_64-pc-linux-gnu/nios2-elf/lib/mno-hw-mul/libc.a(lib_a-strtol.o)
 .text._strtol_l.constprop.0
                0x000000000002c25c      0x264 /home/danielcrovo/intelFPGA_lite/21.1/nios2eds/bin/gnu/H-x86_64-pc-linux-gnu/bin/../lib/gcc/nios2-elf/11.2.1/../../../../../H-x86_64-pc-linux-gnu/nios2-elf/lib/mno-hw-mul/libc.a(lib_a-strtol.o)
 .text._strtol_r
                0x000000000002c4c0        0x4 /home/danielcrovo/intelFPGA_lite/21.1/nios2eds/bin/gnu/H-x86_64-pc-linux-gnu/bin/../lib/gcc/nios2-elf/11.2.1/../../../../../H-x86_64-pc-linux-gnu/nios2-elf/lib/mno-hw-mul/libc.a(lib_a-strtol.o)
                0x000000000002c4c0                _strtol_r
 .text.strtol_l
                0x000000000002c4c4       0x1c /home/danielcrovo/intelFPGA_lite/21.1/nios2eds/bin/gnu/H-x86_64-pc-linux-gnu/bin/../lib/gcc/nios2-elf/11.2.1/../../../../../H-x86_64-pc-linux-gnu/nios2-elf/lib/mno-hw-mul/libc.a(lib_a-strtol.o)
                0x000000000002c4c4                strtol_l
 .text.strtol   0x000000000002c4e0       0x1c /home/danielcrovo/intelFPGA_lite/21.1/nios2eds/bin/gnu/H-x86_64-pc-linux-gnu/bin/../lib/gcc/nios2-elf/11.2.1/../../../../../H-x86_64-pc-linux-gnu/nios2-elf/lib/mno-hw-mul/libc.a(lib_a-strtol.o)
                0x000000000002c4e0                strtol
 .text          0x000000000002c4fc        0x0 /home/danielcrovo/intelFPGA_lite/21.1/nios2eds/bin/gnu/H-x86_64-pc-linux-gnu/bin/../lib/gcc/nios2-elf/11.2.1/../../../../../H-x86_64-pc-linux-gnu/nios2-elf/lib/mno-hw-mul/libc.a(lib_a-strtoll.o)
 .text._strtoll_l.constprop.0
                0x000000000002c4fc      0x2c8 /home/danielcrovo/intelFPGA_lite/21.1/nios2eds/bin/gnu/H-x86_64-pc-linux-gnu/bin/../lib/gcc/nios2-elf/11.2.1/../../../../../H-x86_64-pc-linux-gnu/nios2-elf/lib/mno-hw-mul/libc.a(lib_a-strtoll.o)
 .text._strtoll_r
                0x000000000002c7c4        0x4 /home/danielcrovo/intelFPGA_lite/21.1/nios2eds/bin/gnu/H-x86_64-pc-linux-gnu/bin/../lib/gcc/nios2-elf/11.2.1/../../../../../H-x86_64-pc-linux-gnu/nios2-elf/lib/mno-hw-mul/libc.a(lib_a-strtoll.o)
                0x000000000002c7c4                _strtoll_r
 .text.strtoll_l
                0x000000000002c7c8       0x1c /home/danielcrovo/intelFPGA_lite/21.1/nios2eds/bin/gnu/H-x86_64-pc-linux-gnu/bin/../lib/gcc/nios2-elf/11.2.1/../../../../../H-x86_64-pc-linux-gnu/nios2-elf/lib/mno-hw-mul/libc.a(lib_a-strtoll.o)
                0x000000000002c7c8                strtoll_l
 .text.strtoll  0x000000000002c7e4       0x1c /home/danielcrovo/intelFPGA_lite/21.1/nios2eds/bin/gnu/H-x86_64-pc-linux-gnu/bin/../lib/gcc/nios2-elf/11.2.1/../../../../../H-x86_64-pc-linux-gnu/nios2-elf/lib/mno-hw-mul/libc.a(lib_a-strtoll.o)
                0x000000000002c7e4                strtoll
 .text          0x000000000002c800        0x0 /home/danielcrovo/intelFPGA_lite/21.1/nios2eds/bin/gnu/H-x86_64-pc-linux-gnu/bin/../lib/gcc/nios2-elf/11.2.1/../../../../../H-x86_64-pc-linux-gnu/nios2-elf/lib/mno-hw-mul/libc.a(lib_a-strtoul.o)
 .text._strtoul_l.constprop.0
                0x000000000002c800      0x270 /home/danielcrovo/intelFPGA_lite/21.1/nios2eds/bin/gnu/H-x86_64-pc-linux-gnu/bin/../lib/gcc/nios2-elf/11.2.1/../../../../../H-x86_64-pc-linux-gnu/nios2-elf/lib/mno-hw-mul/libc.a(lib_a-strtoul.o)
 .text._strtoul_r
                0x000000000002ca70        0x4 /home/danielcrovo/intelFPGA_lite/21.1/nios2eds/bin/gnu/H-x86_64-pc-linux-gnu/bin/../lib/gcc/nios2-elf/11.2.1/../../../../../H-x86_64-pc-linux-gnu/nios2-elf/lib/mno-hw-mul/libc.a(lib_a-strtoul.o)
                0x000000000002ca70                _strtoul_r
 .text.strtoul_l
                0x000000000002ca74       0x1c /home/danielcrovo/intelFPGA_lite/21.1/nios2eds/bin/gnu/H-x86_64-pc-linux-gnu/bin/../lib/gcc/nios2-elf/11.2.1/../../../../../H-x86_64-pc-linux-gnu/nios2-elf/lib/mno-hw-mul/libc.a(lib_a-strtoul.o)
                0x000000000002ca74                strtoul_l
 .text.strtoul  0x000000000002ca90       0x1c /home/danielcrovo/intelFPGA_lite/21.1/nios2eds/bin/gnu/H-x86_64-pc-linux-gnu/bin/../lib/gcc/nios2-elf/11.2.1/../../../../../H-x86_64-pc-linux-gnu/nios2-elf/lib/mno-hw-mul/libc.a(lib_a-strtoul.o)
                0x000000000002ca90                strtoul
 .text          0x000000000002caac        0x0 /home/danielcrovo/intelFPGA_lite/21.1/nios2eds/bin/gnu/H-x86_64-pc-linux-gnu/bin/../lib/gcc/nios2-elf/11.2.1/../../../../../H-x86_64-pc-linux-gnu/nios2-elf/lib/mno-hw-mul/libc.a(lib_a-strtoull.o)
 .text._strtoull_l.constprop.0
                0x000000000002caac      0x31c /home/danielcrovo/intelFPGA_lite/21.1/nios2eds/bin/gnu/H-x86_64-pc-linux-gnu/bin/../lib/gcc/nios2-elf/11.2.1/../../../../../H-x86_64-pc-linux-gnu/nios2-elf/lib/mno-hw-mul/libc.a(lib_a-strtoull.o)
 .text._strtoull_r
                0x000000000002cdc8        0x4 /home/danielcrovo/intelFPGA_lite/21.1/nios2eds/bin/gnu/H-x86_64-pc-linux-gnu/bin/../lib/gcc/nios2-elf/11.2.1/../../../../../H-x86_64-pc-linux-gnu/nios2-elf/lib/mno-hw-mul/libc.a(lib_a-strtoull.o)
                0x000000000002cdc8                _strtoull_r
 .text.strtoull_l
                0x000000000002cdcc       0x1c /home/danielcrovo/intelFPGA_lite/21.1/nios2eds/bin/gnu/H-x86_64-pc-linux-gnu/bin/../lib/gcc/nios2-elf/11.2.1/../../../../../H-x86_64-pc-linux-gnu/nios2-elf/lib/mno-hw-mul/libc.a(lib_a-strtoull.o)
                0x000000000002cdcc                strtoull_l
 .text.strtoull
                0x000000000002cde8       0x1c /home/danielcrovo/intelFPGA_lite/21.1/nios2eds/bin/gnu/H-x86_64-pc-linux-gnu/bin/../lib/gcc/nios2-elf/11.2.1/../../../../../H-x86_64-pc-linux-gnu/nios2-elf/lib/mno-hw-mul/libc.a(lib_a-strtoull.o)
                0x000000000002cde8                strtoull
 .text          0x000000000002ce04        0x0 /home/danielcrovo/intelFPGA_lite/21.1/nios2eds/bin/gnu/H-x86_64-pc-linux-gnu/bin/../lib/gcc/nios2-elf/11.2.1/../../../../../H-x86_64-pc-linux-gnu/nios2-elf/lib/mno-hw-mul/libc.a(lib_a-svfprintf.o)
 .text.___svfprintf_internal_r
                0x000000000002ce04     0x1fa8 /home/danielcrovo/intelFPGA_lite/21.1/nios2eds/bin/gnu/H-x86_64-pc-linux-gnu/bin/../lib/gcc/nios2-elf/11.2.1/../../../../../H-x86_64-pc-linux-gnu/nios2-elf/lib/mno-hw-mul/libc.a(lib_a-svfprintf.o)
                0x000000000002ce04                ___svfprintf_internal_r
 .text          0x000000000002edac        0x0 /home/danielcrovo/intelFPGA_lite/21.1/nios2eds/bin/gnu/H-x86_64-pc-linux-gnu/bin/../lib/gcc/nios2-elf/11.2.1/../../../../../H-x86_64-pc-linux-gnu/nios2-elf/lib/mno-hw-mul/libc.a(lib_a-ungetc.o)
 .text.__submore
                0x000000000002edac       0xc8 /home/danielcrovo/intelFPGA_lite/21.1/nios2eds/bin/gnu/H-x86_64-pc-linux-gnu/bin/../lib/gcc/nios2-elf/11.2.1/../../../../../H-x86_64-pc-linux-gnu/nios2-elf/lib/mno-hw-mul/libc.a(lib_a-ungetc.o)
                0x000000000002edac                __submore
 .text._ungetc_r
                0x000000000002ee74      0x184 /home/danielcrovo/intelFPGA_lite/21.1/nios2eds/bin/gnu/H-x86_64-pc-linux-gnu/bin/../lib/gcc/nios2-elf/11.2.1/../../../../../H-x86_64-pc-linux-gnu/nios2-elf/lib/mno-hw-mul/libc.a(lib_a-ungetc.o)
                0x000000000002ee74                _ungetc_r
 .text.ungetc   0x000000000002eff8       0x18 /home/danielcrovo/intelFPGA_lite/21.1/nios2eds/bin/gnu/H-x86_64-pc-linux-gnu/bin/../lib/gcc/nios2-elf/11.2.1/../../../../../H-x86_64-pc-linux-gnu/nios2-elf/lib/mno-hw-mul/libc.a(lib_a-ungetc.o)
                0x000000000002eff8                ungetc
 .text          0x000000000002f010        0x0 /home/danielcrovo/intelFPGA_lite/21.1/nios2eds/bin/gnu/H-x86_64-pc-linux-gnu/bin/../lib/gcc/nios2-elf/11.2.1/../../../../../H-x86_64-pc-linux-gnu/nios2-elf/lib/mno-hw-mul/libc.a(lib_a-vfiprintf.o)
 .text.__sprint_r.part.0
                0x000000000002f010       0xf4 /home/danielcrovo/intelFPGA_lite/21.1/nios2eds/bin/gnu/H-x86_64-pc-linux-gnu/bin/../lib/gcc/nios2-elf/11.2.1/../../../../../H-x86_64-pc-linux-gnu/nios2-elf/lib/mno-hw-mul/libc.a(lib_a-vfiprintf.o)
 .text.__sprint_r
                0x000000000002f104       0x18 /home/danielcrovo/intelFPGA_lite/21.1/nios2eds/bin/gnu/H-x86_64-pc-linux-gnu/bin/../lib/gcc/nios2-elf/11.2.1/../../../../../H-x86_64-pc-linux-gnu/nios2-elf/lib/mno-hw-mul/libc.a(lib_a-vfiprintf.o)
                0x000000000002f104                __sprint_r
 .text.___vfiprintf_internal_r
                0x000000000002f11c     0x125c /home/danielcrovo/intelFPGA_lite/21.1/nios2eds/bin/gnu/H-x86_64-pc-linux-gnu/bin/../lib/gcc/nios2-elf/11.2.1/../../../../../H-x86_64-pc-linux-gnu/nios2-elf/lib/mno-hw-mul/libc.a(lib_a-vfiprintf.o)
                0x000000000002f11c                ___vfiprintf_internal_r
 .text.__vfiprintf_internal
                0x0000000000030378       0x1c /home/danielcrovo/intelFPGA_lite/21.1/nios2eds/bin/gnu/H-x86_64-pc-linux-gnu/bin/../lib/gcc/nios2-elf/11.2.1/../../../../../H-x86_64-pc-linux-gnu/nios2-elf/lib/mno-hw-mul/libc.a(lib_a-vfiprintf.o)
                0x0000000000030378                __vfiprintf_internal
 .text.__sbprintf
                0x0000000000030394       0xc0 /home/danielcrovo/intelFPGA_lite/21.1/nios2eds/bin/gnu/H-x86_64-pc-linux-gnu/bin/../lib/gcc/nios2-elf/11.2.1/../../../../../H-x86_64-pc-linux-gnu/nios2-elf/lib/mno-hw-mul/libc.a(lib_a-vfiprintf.o)
 .text          0x0000000000030454        0x0 /home/danielcrovo/intelFPGA_lite/21.1/nios2eds/bin/gnu/H-x86_64-pc-linux-gnu/bin/../lib/gcc/nios2-elf/11.2.1/../../../../../H-x86_64-pc-linux-gnu/nios2-elf/lib/mno-hw-mul/libc.a(lib_a-wctomb_r.o)
 .text._wctomb_r
                0x0000000000030454        0xc /home/danielcrovo/intelFPGA_lite/21.1/nios2eds/bin/gnu/H-x86_64-pc-linux-gnu/bin/../lib/gcc/nios2-elf/11.2.1/../../../../../H-x86_64-pc-linux-gnu/nios2-elf/lib/mno-hw-mul/libc.a(lib_a-wctomb_r.o)
                0x0000000000030454                _wctomb_r
 .text.__ascii_wctomb
                0x0000000000030460       0x30 /home/danielcrovo/intelFPGA_lite/21.1/nios2eds/bin/gnu/H-x86_64-pc-linux-gnu/bin/../lib/gcc/nios2-elf/11.2.1/../../../../../H-x86_64-pc-linux-gnu/nios2-elf/lib/mno-hw-mul/libc.a(lib_a-wctomb_r.o)
                0x0000000000030460                __ascii_wctomb
 .text          0x0000000000030490        0x0 /home/danielcrovo/intelFPGA_lite/21.1/nios2eds/bin/gnu/H-x86_64-pc-linux-gnu/bin/../lib/gcc/nios2-elf/11.2.1/../../../../../H-x86_64-pc-linux-gnu/nios2-elf/lib/mno-hw-mul/libc.a(lib_a-writer.o)
 .text._write_r
                0x0000000000030490       0x64 /home/danielcrovo/intelFPGA_lite/21.1/nios2eds/bin/gnu/H-x86_64-pc-linux-gnu/bin/../lib/gcc/nios2-elf/11.2.1/../../../../../H-x86_64-pc-linux-gnu/nios2-elf/lib/mno-hw-mul/libc.a(lib_a-writer.o)
                0x0000000000030490                _write_r
 .text          0x00000000000304f4        0x0 /home/danielcrovo/intelFPGA_lite/21.1/nios2eds/bin/gnu/H-x86_64-pc-linux-gnu/bin/../lib/gcc/nios2-elf/11.2.1/../../../../../H-x86_64-pc-linux-gnu/nios2-elf/lib/mno-hw-mul/libc.a(closer.o)
 .text._close_r
                0x00000000000304f4       0x58 /home/danielcrovo/intelFPGA_lite/21.1/nios2eds/bin/gnu/H-x86_64-pc-linux-gnu/bin/../lib/gcc/nios2-elf/11.2.1/../../../../../H-x86_64-pc-linux-gnu/nios2-elf/lib/mno-hw-mul/libc.a(closer.o)
                0x00000000000304f4                _close_r
 .text          0x000000000003054c        0x0 /home/danielcrovo/intelFPGA_lite/21.1/nios2eds/bin/gnu/H-x86_64-pc-linux-gnu/bin/../lib/gcc/nios2-elf/11.2.1/../../../../../H-x86_64-pc-linux-gnu/nios2-elf/lib/mno-hw-mul/libc.a(lib_a-assert.o)
 .text.__assert_func
                0x000000000003054c       0x64 /home/danielcrovo/intelFPGA_lite/21.1/nios2eds/bin/gnu/H-x86_64-pc-linux-gnu/bin/../lib/gcc/nios2-elf/11.2.1/../../../../../H-x86_64-pc-linux-gnu/nios2-elf/lib/mno-hw-mul/libc.a(lib_a-assert.o)
                0x000000000003054c                __assert_func
 .text.__assert
                0x00000000000305b0       0x14 /home/danielcrovo/intelFPGA_lite/21.1/nios2eds/bin/gnu/H-x86_64-pc-linux-gnu/bin/../lib/gcc/nios2-elf/11.2.1/../../../../../H-x86_64-pc-linux-gnu/nios2-elf/lib/mno-hw-mul/libc.a(lib_a-assert.o)
                0x00000000000305b0                __assert
 .text          0x00000000000305c4        0x0 /home/danielcrovo/intelFPGA_lite/21.1/nios2eds/bin/gnu/H-x86_64-pc-linux-gnu/bin/../lib/gcc/nios2-elf/11.2.1/../../../../../H-x86_64-pc-linux-gnu/nios2-elf/lib/mno-hw-mul/libc.a(lib_a-callocr.o)
 .text._calloc_r
                0x00000000000305c4      0x158 /home/danielcrovo/intelFPGA_lite/21.1/nios2eds/bin/gnu/H-x86_64-pc-linux-gnu/bin/../lib/gcc/nios2-elf/11.2.1/../../../../../H-x86_64-pc-linux-gnu/nios2-elf/lib/mno-hw-mul/libc.a(lib_a-callocr.o)
                0x00000000000305c4                _calloc_r
 .text          0x000000000003071c        0x0 /home/danielcrovo/intelFPGA_lite/21.1/nios2eds/bin/gnu/H-x86_64-pc-linux-gnu/bin/../lib/gcc/nios2-elf/11.2.1/../../../../../H-x86_64-pc-linux-gnu/nios2-elf/lib/mno-hw-mul/libc.a(lib_a-errno.o)
 .text.__errno  0x000000000003071c        0xc /home/danielcrovo/intelFPGA_lite/21.1/nios2eds/bin/gnu/H-x86_64-pc-linux-gnu/bin/../lib/gcc/nios2-elf/11.2.1/../../../../../H-x86_64-pc-linux-gnu/nios2-elf/lib/mno-hw-mul/libc.a(lib_a-errno.o)
                0x000000000003071c                __errno
 .text          0x0000000000030728        0x0 /home/danielcrovo/intelFPGA_lite/21.1/nios2eds/bin/gnu/H-x86_64-pc-linux-gnu/bin/../lib/gcc/nios2-elf/11.2.1/../../../../../H-x86_64-pc-linux-gnu/nios2-elf/lib/mno-hw-mul/libc.a(lib_a-fclose.o)
 .text._fclose_r
                0x0000000000030728       0xf8 /home/danielcrovo/intelFPGA_lite/21.1/nios2eds/bin/gnu/H-x86_64-pc-linux-gnu/bin/../lib/gcc/nios2-elf/11.2.1/../../../../../H-x86_64-pc-linux-gnu/nios2-elf/lib/mno-hw-mul/libc.a(lib_a-fclose.o)
                0x0000000000030728                _fclose_r
 .text.fclose   0x0000000000030820       0x10 /home/danielcrovo/intelFPGA_lite/21.1/nios2eds/bin/gnu/H-x86_64-pc-linux-gnu/bin/../lib/gcc/nios2-elf/11.2.1/../../../../../H-x86_64-pc-linux-gnu/nios2-elf/lib/mno-hw-mul/libc.a(lib_a-fclose.o)
                0x0000000000030820                fclose
 .text          0x0000000000030830        0x0 /home/danielcrovo/intelFPGA_lite/21.1/nios2eds/bin/gnu/H-x86_64-pc-linux-gnu/bin/../lib/gcc/nios2-elf/11.2.1/../../../../../H-x86_64-pc-linux-gnu/nios2-elf/lib/mno-hw-mul/libc.a(lib_a-fiprintf.o)
 .text._fiprintf_r
                0x0000000000030830       0x20 /home/danielcrovo/intelFPGA_lite/21.1/nios2eds/bin/gnu/H-x86_64-pc-linux-gnu/bin/../lib/gcc/nios2-elf/11.2.1/../../../../../H-x86_64-pc-linux-gnu/nios2-elf/lib/mno-hw-mul/libc.a(lib_a-fiprintf.o)
                0x0000000000030830                _fiprintf_r
 .text.fiprintf
                0x0000000000030850       0x38 /home/danielcrovo/intelFPGA_lite/21.1/nios2eds/bin/gnu/H-x86_64-pc-linux-gnu/bin/../lib/gcc/nios2-elf/11.2.1/../../../../../H-x86_64-pc-linux-gnu/nios2-elf/lib/mno-hw-mul/libc.a(lib_a-fiprintf.o)
                0x0000000000030850                fiprintf
 .text          0x0000000000030888        0x0 /home/danielcrovo/intelFPGA_lite/21.1/nios2eds/bin/gnu/H-x86_64-pc-linux-gnu/bin/../lib/gcc/nios2-elf/11.2.1/../../../../../H-x86_64-pc-linux-gnu/nios2-elf/lib/mno-hw-mul/libc.a(lib_a-fputwc.o)
 .text.__fputwc
                0x0000000000030888      0x164 /home/danielcrovo/intelFPGA_lite/21.1/nios2eds/bin/gnu/H-x86_64-pc-linux-gnu/bin/../lib/gcc/nios2-elf/11.2.1/../../../../../H-x86_64-pc-linux-gnu/nios2-elf/lib/mno-hw-mul/libc.a(lib_a-fputwc.o)
                0x0000000000030888                __fputwc
 .text._fputwc_r
                0x00000000000309ec       0x24 /home/danielcrovo/intelFPGA_lite/21.1/nios2eds/bin/gnu/H-x86_64-pc-linux-gnu/bin/../lib/gcc/nios2-elf/11.2.1/../../../../../H-x86_64-pc-linux-gnu/nios2-elf/lib/mno-hw-mul/libc.a(lib_a-fputwc.o)
                0x00000000000309ec                _fputwc_r
 .text.fputwc   0x0000000000030a10       0x78 /home/danielcrovo/intelFPGA_lite/21.1/nios2eds/bin/gnu/H-x86_64-pc-linux-gnu/bin/../lib/gcc/nios2-elf/11.2.1/../../../../../H-x86_64-pc-linux-gnu/nios2-elf/lib/mno-hw-mul/libc.a(lib_a-fputwc.o)
                0x0000000000030a10                fputwc
 .text          0x0000000000030a88        0x0 /home/danielcrovo/intelFPGA_lite/21.1/nios2eds/bin/gnu/H-x86_64-pc-linux-gnu/bin/../lib/gcc/nios2-elf/11.2.1/../../../../../H-x86_64-pc-linux-gnu/nios2-elf/lib/mno-hw-mul/libc.a(lib_a-fstatr.o)
 .text._fstat_r
                0x0000000000030a88       0x60 /home/danielcrovo/intelFPGA_lite/21.1/nios2eds/bin/gnu/H-x86_64-pc-linux-gnu/bin/../lib/gcc/nios2-elf/11.2.1/../../../../../H-x86_64-pc-linux-gnu/nios2-elf/lib/mno-hw-mul/libc.a(lib_a-fstatr.o)
                0x0000000000030a88                _fstat_r
 .text          0x0000000000030ae8        0x0 /home/danielcrovo/intelFPGA_lite/21.1/nios2eds/bin/gnu/H-x86_64-pc-linux-gnu/bin/../lib/gcc/nios2-elf/11.2.1/../../../../../H-x86_64-pc-linux-gnu/nios2-elf/lib/mno-hw-mul/libc.a(lib_a-gdtoa-gethex.o)
 .text.rshift   0x0000000000030ae8       0xdc /home/danielcrovo/intelFPGA_lite/21.1/nios2eds/bin/gnu/H-x86_64-pc-linux-gnu/bin/../lib/gcc/nios2-elf/11.2.1/../../../../../H-x86_64-pc-linux-gnu/nios2-elf/lib/mno-hw-mul/libc.a(lib_a-gdtoa-gethex.o)
 .text.__gethex
                0x0000000000030bc4      0x8cc /home/danielcrovo/intelFPGA_lite/21.1/nios2eds/bin/gnu/H-x86_64-pc-linux-gnu/bin/../lib/gcc/nios2-elf/11.2.1/../../../../../H-x86_64-pc-linux-gnu/nios2-elf/lib/mno-hw-mul/libc.a(lib_a-gdtoa-gethex.o)
                0x0000000000030bc4                __gethex
 .text          0x0000000000031490        0x0 /home/danielcrovo/intelFPGA_lite/21.1/nios2eds/bin/gnu/H-x86_64-pc-linux-gnu/bin/../lib/gcc/nios2-elf/11.2.1/../../../../../H-x86_64-pc-linux-gnu/nios2-elf/lib/mno-hw-mul/libc.a(lib_a-gdtoa-hexnan.o)
 .text.__match  0x0000000000031490       0x50 /home/danielcrovo/intelFPGA_lite/21.1/nios2eds/bin/gnu/H-x86_64-pc-linux-gnu/bin/../lib/gcc/nios2-elf/11.2.1/../../../../../H-x86_64-pc-linux-gnu/nios2-elf/lib/mno-hw-mul/libc.a(lib_a-gdtoa-hexnan.o)
                0x0000000000031490                __match
 .text.__hexnan
                0x00000000000314e0      0x290 /home/danielcrovo/intelFPGA_lite/21.1/nios2eds/bin/gnu/H-x86_64-pc-linux-gnu/bin/../lib/gcc/nios2-elf/11.2.1/../../../../../H-x86_64-pc-linux-gnu/nios2-elf/lib/mno-hw-mul/libc.a(lib_a-gdtoa-hexnan.o)
                0x00000000000314e0                __hexnan
 .text          0x0000000000031770        0x0 /home/danielcrovo/intelFPGA_lite/21.1/nios2eds/bin/gnu/H-x86_64-pc-linux-gnu/bin/../lib/gcc/nios2-elf/11.2.1/../../../../../H-x86_64-pc-linux-gnu/nios2-elf/lib/mno-hw-mul/libc.a(lib_a-int_errno.o)
 .text          0x0000000000031770        0x0 /home/danielcrovo/intelFPGA_lite/21.1/nios2eds/bin/gnu/H-x86_64-pc-linux-gnu/bin/../lib/gcc/nios2-elf/11.2.1/../../../../../H-x86_64-pc-linux-gnu/nios2-elf/lib/mno-hw-mul/libc.a(lib_a-isattyr.o)
 .text._isatty_r
                0x0000000000031770       0x58 /home/danielcrovo/intelFPGA_lite/21.1/nios2eds/bin/gnu/H-x86_64-pc-linux-gnu/bin/../lib/gcc/nios2-elf/11.2.1/../../../../../H-x86_64-pc-linux-gnu/nios2-elf/lib/mno-hw-mul/libc.a(lib_a-isattyr.o)
                0x0000000000031770                _isatty_r
 .text          0x00000000000317c8        0x0 /home/danielcrovo/intelFPGA_lite/21.1/nios2eds/bin/gnu/H-x86_64-pc-linux-gnu/bin/../lib/gcc/nios2-elf/11.2.1/../../../../../H-x86_64-pc-linux-gnu/nios2-elf/lib/mno-hw-mul/libc.a(lib_a-lnumeric.o)
 .text.__numeric_load_locale
                0x00000000000317c8        0x8 /home/danielcrovo/intelFPGA_lite/21.1/nios2eds/bin/gnu/H-x86_64-pc-linux-gnu/bin/../lib/gcc/nios2-elf/11.2.1/../../../../../H-x86_64-pc-linux-gnu/nios2-elf/lib/mno-hw-mul/libc.a(lib_a-lnumeric.o)
                0x00000000000317c8                __numeric_load_locale
 .text          0x00000000000317d0        0x0 /home/danielcrovo/intelFPGA_lite/21.1/nios2eds/bin/gnu/H-x86_64-pc-linux-gnu/bin/../lib/gcc/nios2-elf/11.2.1/../../../../../H-x86_64-pc-linux-gnu/nios2-elf/lib/mno-hw-mul/libc.a(lib_a-lseekr.o)
 .text._lseek_r
                0x00000000000317d0       0x64 /home/danielcrovo/intelFPGA_lite/21.1/nios2eds/bin/gnu/H-x86_64-pc-linux-gnu/bin/../lib/gcc/nios2-elf/11.2.1/../../../../../H-x86_64-pc-linux-gnu/nios2-elf/lib/mno-hw-mul/libc.a(lib_a-lseekr.o)
                0x00000000000317d0                _lseek_r
 .text          0x0000000000031834        0x0 /home/danielcrovo/intelFPGA_lite/21.1/nios2eds/bin/gnu/H-x86_64-pc-linux-gnu/bin/../lib/gcc/nios2-elf/11.2.1/../../../../../H-x86_64-pc-linux-gnu/nios2-elf/lib/mno-hw-mul/libc.a(lib_a-readr.o)
 .text._read_r  0x0000000000031834       0x64 /home/danielcrovo/intelFPGA_lite/21.1/nios2eds/bin/gnu/H-x86_64-pc-linux-gnu/bin/../lib/gcc/nios2-elf/11.2.1/../../../../../H-x86_64-pc-linux-gnu/nios2-elf/lib/mno-hw-mul/libc.a(lib_a-readr.o)
                0x0000000000031834                _read_r
 .text          0x0000000000031898        0x0 /home/danielcrovo/intelFPGA_lite/21.1/nios2eds/bin/gnu/H-x86_64-pc-linux-gnu/bin/../lib/gcc/nios2-elf/11.2.1/../../../../../H-x86_64-pc-linux-gnu/nios2-elf/lib/mno-hw-mul/libc.a(lib_a-strncmp.o)
 .text.strncmp  0x0000000000031898      0x114 /home/danielcrovo/intelFPGA_lite/21.1/nios2eds/bin/gnu/H-x86_64-pc-linux-gnu/bin/../lib/gcc/nios2-elf/11.2.1/../../../../../H-x86_64-pc-linux-gnu/nios2-elf/lib/mno-hw-mul/libc.a(lib_a-strncmp.o)
                0x0000000000031898                strncmp
 .text          0x00000000000319ac        0x0 /home/danielcrovo/intelFPGA_lite/21.1/nios2eds/bin/gnu/H-x86_64-pc-linux-gnu/bin/../lib/gcc/nios2-elf/11.2.1/../../../../../H-x86_64-pc-linux-gnu/nios2-elf/lib/mno-hw-mul/libc.a(lib_a-svfiprintf.o)
 .text.__ssprint_r
                0x00000000000319ac      0x1c8 /home/danielcrovo/intelFPGA_lite/21.1/nios2eds/bin/gnu/H-x86_64-pc-linux-gnu/bin/../lib/gcc/nios2-elf/11.2.1/../../../../../H-x86_64-pc-linux-gnu/nios2-elf/lib/mno-hw-mul/libc.a(lib_a-svfiprintf.o)
                0x00000000000319ac                __ssprint_r
 .text.___svfiprintf_internal_r
                0x0000000000031b74     0x1004 /home/danielcrovo/intelFPGA_lite/21.1/nios2eds/bin/gnu/H-x86_64-pc-linux-gnu/bin/../lib/gcc/nios2-elf/11.2.1/../../../../../H-x86_64-pc-linux-gnu/nios2-elf/lib/mno-hw-mul/libc.a(lib_a-svfiprintf.o)
                0x0000000000031b74                ___svfiprintf_internal_r
 .text          0x0000000000032b78        0x0 /home/danielcrovo/intelFPGA_lite/21.1/nios2eds/bin/gnu/H-x86_64-pc-linux-gnu/bin/../lib/gcc/nios2-elf/11.2.1/../../../../../H-x86_64-pc-linux-gnu/nios2-elf/lib/mno-hw-mul/libc.a(lib_a-vfiprintfr_1.o)
 .text._vfiprintf_r
                0x0000000000032b78        0x4 /home/danielcrovo/intelFPGA_lite/21.1/nios2eds/bin/gnu/H-x86_64-pc-linux-gnu/bin/../lib/gcc/nios2-elf/11.2.1/../../../../../H-x86_64-pc-linux-gnu/nios2-elf/lib/mno-hw-mul/libc.a(lib_a-vfiprintfr_1.o)
                0x0000000000032b78                _vfiprintf_r
 .text          0x0000000000032b7c        0x0 /home/danielcrovo/intelFPGA_lite/21.1/nios2eds/bin/gnu/H-x86_64-pc-linux-gnu/bin/../lib/gcc/nios2-elf/11.2.1/../../../../../H-x86_64-pc-linux-gnu/nios2-elf/lib/mno-hw-mul/libc.a(lib_a-wbuf.o)
 .text.__swbuf_r
                0x0000000000032b7c      0x148 /home/danielcrovo/intelFPGA_lite/21.1/nios2eds/bin/gnu/H-x86_64-pc-linux-gnu/bin/../lib/gcc/nios2-elf/11.2.1/../../../../../H-x86_64-pc-linux-gnu/nios2-elf/lib/mno-hw-mul/libc.a(lib_a-wbuf.o)
                0x0000000000032b7c                __swbuf_r
 .text.__swbuf  0x0000000000032cc4       0x18 /home/danielcrovo/intelFPGA_lite/21.1/nios2eds/bin/gnu/H-x86_64-pc-linux-gnu/bin/../lib/gcc/nios2-elf/11.2.1/../../../../../H-x86_64-pc-linux-gnu/nios2-elf/lib/mno-hw-mul/libc.a(lib_a-wbuf.o)
                0x0000000000032cc4                __swbuf
 .text          0x0000000000032cdc        0x0 /home/danielcrovo/intelFPGA_lite/21.1/nios2eds/bin/gnu/H-x86_64-pc-linux-gnu/bin/../lib/gcc/nios2-elf/11.2.1/../../../../../H-x86_64-pc-linux-gnu/nios2-elf/lib/mno-hw-mul/libc.a(lib_a-wcrtomb.o)
 .text._wcrtomb_r
                0x0000000000032cdc       0x6c /home/danielcrovo/intelFPGA_lite/21.1/nios2eds/bin/gnu/H-x86_64-pc-linux-gnu/bin/../lib/gcc/nios2-elf/11.2.1/../../../../../H-x86_64-pc-linux-gnu/nios2-elf/lib/mno-hw-mul/libc.a(lib_a-wcrtomb.o)
                0x0000000000032cdc                _wcrtomb_r
 .text.wcrtomb  0x0000000000032d48       0x88 /home/danielcrovo/intelFPGA_lite/21.1/nios2eds/bin/gnu/H-x86_64-pc-linux-gnu/bin/../lib/gcc/nios2-elf/11.2.1/../../../../../H-x86_64-pc-linux-gnu/nios2-elf/lib/mno-hw-mul/libc.a(lib_a-wcrtomb.o)
                0x0000000000032d48                wcrtomb
 .text          0x0000000000032dd0        0x0 /home/danielcrovo/intelFPGA_lite/21.1/nios2eds/bin/gnu/H-x86_64-pc-linux-gnu/bin/../lib/gcc/nios2-elf/11.2.1/../../../../../H-x86_64-pc-linux-gnu/nios2-elf/lib/mno-hw-mul/libc.a(lib_a-abort.o)
 .text.unlikely.abort
                0x0000000000032dd0       0x18 /home/danielcrovo/intelFPGA_lite/21.1/nios2eds/bin/gnu/H-x86_64-pc-linux-gnu/bin/../lib/gcc/nios2-elf/11.2.1/../../../../../H-x86_64-pc-linux-gnu/nios2-elf/lib/mno-hw-mul/libc.a(lib_a-abort.o)
                0x0000000000032dd0                abort
 .text          0x0000000000032de8        0x0 /home/danielcrovo/intelFPGA_lite/21.1/nios2eds/bin/gnu/H-x86_64-pc-linux-gnu/bin/../lib/gcc/nios2-elf/11.2.1/../../../../../H-x86_64-pc-linux-gnu/nios2-elf/lib/mno-hw-mul/libc.a(lib_a-signal.o)
 .text._init_signal_r
                0x0000000000032de8       0x5c /home/danielcrovo/intelFPGA_lite/21.1/nios2eds/bin/gnu/H-x86_64-pc-linux-gnu/bin/../lib/gcc/nios2-elf/11.2.1/../../../../../H-x86_64-pc-linux-gnu/nios2-elf/lib/mno-hw-mul/libc.a(lib_a-signal.o)
                0x0000000000032de8                _init_signal_r
 .text._signal_r
                0x0000000000032e44       0x98 /home/danielcrovo/intelFPGA_lite/21.1/nios2eds/bin/gnu/H-x86_64-pc-linux-gnu/bin/../lib/gcc/nios2-elf/11.2.1/../../../../../H-x86_64-pc-linux-gnu/nios2-elf/lib/mno-hw-mul/libc.a(lib_a-signal.o)
                0x0000000000032e44                _signal_r
 .text._raise_r
                0x0000000000032edc       0xc4 /home/danielcrovo/intelFPGA_lite/21.1/nios2eds/bin/gnu/H-x86_64-pc-linux-gnu/bin/../lib/gcc/nios2-elf/11.2.1/../../../../../H-x86_64-pc-linux-gnu/nios2-elf/lib/mno-hw-mul/libc.a(lib_a-signal.o)
                0x0000000000032edc                _raise_r
 .text.__sigtramp_r
                0x0000000000032fa0       0xbc /home/danielcrovo/intelFPGA_lite/21.1/nios2eds/bin/gnu/H-x86_64-pc-linux-gnu/bin/../lib/gcc/nios2-elf/11.2.1/../../../../../H-x86_64-pc-linux-gnu/nios2-elf/lib/mno-hw-mul/libc.a(lib_a-signal.o)
                0x0000000000032fa0                __sigtramp_r
 .text.raise    0x000000000003305c       0xbc /home/danielcrovo/intelFPGA_lite/21.1/nios2eds/bin/gnu/H-x86_64-pc-linux-gnu/bin/../lib/gcc/nios2-elf/11.2.1/../../../../../H-x86_64-pc-linux-gnu/nios2-elf/lib/mno-hw-mul/libc.a(lib_a-signal.o)
                0x000000000003305c                raise
 .text.signal   0x0000000000033118       0xa0 /home/danielcrovo/intelFPGA_lite/21.1/nios2eds/bin/gnu/H-x86_64-pc-linux-gnu/bin/../lib/gcc/nios2-elf/11.2.1/../../../../../H-x86_64-pc-linux-gnu/nios2-elf/lib/mno-hw-mul/libc.a(lib_a-signal.o)
                0x0000000000033118                signal
 .text._init_signal
                0x00000000000331b8       0x60 /home/danielcrovo/intelFPGA_lite/21.1/nios2eds/bin/gnu/H-x86_64-pc-linux-gnu/bin/../lib/gcc/nios2-elf/11.2.1/../../../../../H-x86_64-pc-linux-gnu/nios2-elf/lib/mno-hw-mul/libc.a(lib_a-signal.o)
                0x00000000000331b8                _init_signal
 .text.__sigtramp
                0x0000000000033218       0xbc /home/danielcrovo/intelFPGA_lite/21.1/nios2eds/bin/gnu/H-x86_64-pc-linux-gnu/bin/../lib/gcc/nios2-elf/11.2.1/../../../../../H-x86_64-pc-linux-gnu/nios2-elf/lib/mno-hw-mul/libc.a(lib_a-signal.o)
                0x0000000000033218                __sigtramp
 .text          0x00000000000332d4        0x0 /home/danielcrovo/intelFPGA_lite/21.1/nios2eds/bin/gnu/H-x86_64-pc-linux-gnu/bin/../lib/gcc/nios2-elf/11.2.1/../../../../../H-x86_64-pc-linux-gnu/nios2-elf/lib/mno-hw-mul/libc.a(lib_a-signalr.o)
 .text._kill_r  0x00000000000332d4       0x60 /home/danielcrovo/intelFPGA_lite/21.1/nios2eds/bin/gnu/H-x86_64-pc-linux-gnu/bin/../lib/gcc/nios2-elf/11.2.1/../../../../../H-x86_64-pc-linux-gnu/nios2-elf/lib/mno-hw-mul/libc.a(lib_a-signalr.o)
                0x00000000000332d4                _kill_r
 .text._getpid_r
                0x0000000000033334        0x4 /home/danielcrovo/intelFPGA_lite/21.1/nios2eds/bin/gnu/H-x86_64-pc-linux-gnu/bin/../lib/gcc/nios2-elf/11.2.1/../../../../../H-x86_64-pc-linux-gnu/nios2-elf/lib/mno-hw-mul/libc.a(lib_a-signalr.o)
                0x0000000000033334                _getpid_r
 .text          0x0000000000033338       0x74 /home/danielcrovo/intelFPGA_lite/21.1/nios2eds/bin/gnu/H-x86_64-pc-linux-gnu/bin/../lib/gcc/nios2-elf/11.2.1/mno-hw-mul/libgcc.a(_fixunsdfsi.o)
                0x0000000000033338                __fixunsdfsi
 .text          0x00000000000333ac       0x74 /home/danielcrovo/intelFPGA_lite/21.1/nios2eds/bin/gnu/H-x86_64-pc-linux-gnu/bin/../lib/gcc/nios2-elf/11.2.1/mno-hw-mul/libgcc.a(_fixdfdi.o)
                0x00000000000333ac                __fixdfdi
 .text          0x0000000000033420       0x90 /home/danielcrovo/intelFPGA_lite/21.1/nios2eds/bin/gnu/H-x86_64-pc-linux-gnu/bin/../lib/gcc/nios2-elf/11.2.1/mno-hw-mul/libgcc.a(_fixunsdfdi.o)
                0x0000000000033420                __fixunsdfdi
 .text          0x00000000000334b0       0x70 /home/danielcrovo/intelFPGA_lite/21.1/nios2eds/bin/gnu/H-x86_64-pc-linux-gnu/bin/../lib/gcc/nios2-elf/11.2.1/mno-hw-mul/libgcc.a(_floatdidf.o)
                0x00000000000334b0                __floatdidf
 .text          0x0000000000033520      0x55c /home/danielcrovo/intelFPGA_lite/21.1/nios2eds/bin/gnu/H-x86_64-pc-linux-gnu/bin/../lib/gcc/nios2-elf/11.2.1/mno-hw-mul/libgcc.a(_umoddi3.o)
                0x0000000000033520                __umoddi3
 .text          0x0000000000033a7c       0xb4 /home/danielcrovo/intelFPGA_lite/21.1/nios2eds/bin/gnu/H-x86_64-pc-linux-gnu/bin/../lib/gcc/nios2-elf/11.2.1/mno-hw-mul/libgcc.a(lesf2.o)
                0x0000000000033a7c                __lesf2
                0x0000000000033a7c                __ltsf2
 .text          0x0000000000033b30       0x4c /home/danielcrovo/intelFPGA_lite/21.1/nios2eds/bin/gnu/H-x86_64-pc-linux-gnu/bin/../lib/gcc/nios2-elf/11.2.1/mno-hw-mul/libgcc.a(unordsf2.o)
                0x0000000000033b30                __unordsf2
 .text          0x0000000000033b7c      0x90c /home/danielcrovo/intelFPGA_lite/21.1/nios2eds/bin/gnu/H-x86_64-pc-linux-gnu/bin/../lib/gcc/nios2-elf/11.2.1/mno-hw-mul/libgcc.a(adddf3.o)
                0x0000000000033b7c                __adddf3
 .text          0x0000000000034488      0x914 /home/danielcrovo/intelFPGA_lite/21.1/nios2eds/bin/gnu/H-x86_64-pc-linux-gnu/bin/../lib/gcc/nios2-elf/11.2.1/mno-hw-mul/libgcc.a(divdf3.o)
                0x0000000000034488                __divdf3
 .text          0x0000000000034d9c       0x80 /home/danielcrovo/intelFPGA_lite/21.1/nios2eds/bin/gnu/H-x86_64-pc-linux-gnu/bin/../lib/gcc/nios2-elf/11.2.1/mno-hw-mul/libgcc.a(eqdf2.o)
                0x0000000000034d9c                __eqdf2
                0x0000000000034d9c                __nedf2
 .text          0x0000000000034e1c       0xe8 /home/danielcrovo/intelFPGA_lite/21.1/nios2eds/bin/gnu/H-x86_64-pc-linux-gnu/bin/../lib/gcc/nios2-elf/11.2.1/mno-hw-mul/libgcc.a(gedf2.o)
                0x0000000000034e1c                __gtdf2
                0x0000000000034e1c                __gedf2
 .text          0x0000000000034f04       0xe8 /home/danielcrovo/intelFPGA_lite/21.1/nios2eds/bin/gnu/H-x86_64-pc-linux-gnu/bin/../lib/gcc/nios2-elf/11.2.1/mno-hw-mul/libgcc.a(ledf2.o)
                0x0000000000034f04                __ltdf2
                0x0000000000034f04                __ledf2
 .text          0x0000000000034fec      0x848 /home/danielcrovo/intelFPGA_lite/21.1/nios2eds/bin/gnu/H-x86_64-pc-linux-gnu/bin/../lib/gcc/nios2-elf/11.2.1/mno-hw-mul/libgcc.a(muldf3.o)
                0x0000000000034fec                __muldf3
 .text          0x0000000000035834      0x8d4 /home/danielcrovo/intelFPGA_lite/21.1/nios2eds/bin/gnu/H-x86_64-pc-linux-gnu/bin/../lib/gcc/nios2-elf/11.2.1/mno-hw-mul/libgcc.a(subdf3.o)
                0x0000000000035834                __subdf3
 .text          0x0000000000036108       0x54 /home/danielcrovo/intelFPGA_lite/21.1/nios2eds/bin/gnu/H-x86_64-pc-linux-gnu/bin/../lib/gcc/nios2-elf/11.2.1/mno-hw-mul/libgcc.a(unorddf2.o)
                0x0000000000036108                __unorddf2
 .text          0x000000000003615c       0x80 /home/danielcrovo/intelFPGA_lite/21.1/nios2eds/bin/gnu/H-x86_64-pc-linux-gnu/bin/../lib/gcc/nios2-elf/11.2.1/mno-hw-mul/libgcc.a(fixdfsi.o)
                0x000000000003615c                __fixdfsi
 .text          0x00000000000361dc       0xb8 /home/danielcrovo/intelFPGA_lite/21.1/nios2eds/bin/gnu/H-x86_64-pc-linux-gnu/bin/../lib/gcc/nios2-elf/11.2.1/mno-hw-mul/libgcc.a(floatsidf.o)
                0x00000000000361dc                __floatsidf
 .text          0x0000000000036294       0x90 /home/danielcrovo/intelFPGA_lite/21.1/nios2eds/bin/gnu/H-x86_64-pc-linux-gnu/bin/../lib/gcc/nios2-elf/11.2.1/mno-hw-mul/libgcc.a(floatunsidf.o)
                0x0000000000036294                __floatunsidf
 .text          0x0000000000036324      0x178 /home/danielcrovo/intelFPGA_lite/21.1/nios2eds/bin/gnu/H-x86_64-pc-linux-gnu/bin/../lib/gcc/nios2-elf/11.2.1/mno-hw-mul/libgcc.a(truncdfsf2.o)
                0x0000000000036324                __truncdfsf2
 .text          0x000000000003649c       0x50 /home/danielcrovo/intelFPGA_lite/21.1/nios2eds/bin/gnu/H-x86_64-pc-linux-gnu/bin/../lib/gcc/nios2-elf/11.2.1/mno-hw-mul/libgcc.a(_clzsi2.o)
                0x000000000003649c                __clzsi2
 .text          0x00000000000364ec       0x78 ../nios_led3_bsp//libhal_bsp.a(alt_close.o)
                0x0000000000036528                close
 .text          0x0000000000036564        0x0 ../nios_led3_bsp//libhal_bsp.a(alt_errno.o)
 .text          0x0000000000036564       0x38 ../nios_led3_bsp//libhal_bsp.a(alt_exit.o)
                0x0000000000036564                _exit
 .text          0x000000000003659c       0x48 ../nios_led3_bsp//libhal_bsp.a(alt_fstat.o)
                0x000000000003659c                fstat
 .text          0x00000000000365e4       0x20 ../nios_led3_bsp//libhal_bsp.a(alt_getpid.o)
                0x00000000000365e4                getpid
 .text          0x0000000000036604       0x38 ../nios_led3_bsp//libhal_bsp.a(alt_isatty.o)
                0x0000000000036604                isatty
 .text          0x000000000003663c      0x12c ../nios_led3_bsp//libhal_bsp.a(alt_kill.o)
                0x0000000000036678                kill
 .text          0x0000000000036768       0xec ../nios_led3_bsp//libhal_bsp.a(alt_load.o)
                0x00000000000367d0                alt_load
 .text          0x0000000000036854       0x80 ../nios_led3_bsp//libhal_bsp.a(alt_lseek.o)
                0x0000000000036890                lseek
 .text          0x00000000000368d4       0x60 ../nios_led3_bsp//libhal_bsp.a(alt_main.o)
                0x00000000000368d4                alt_main
 .text          0x0000000000036934       0x48 ../nios_led3_bsp//libhal_bsp.a(alt_malloc_lock.o)
                0x0000000000036934                __malloc_lock
                0x0000000000036958                __malloc_unlock
 .text          0x000000000003697c       0xa8 ../nios_led3_bsp//libhal_bsp.a(alt_read.o)
                0x00000000000369b8                read
 .text          0x0000000000036a24       0xb8 ../nios_led3_bsp//libhal_bsp.a(alt_sbrk.o)
                0x0000000000036a24                sbrk
 .text          0x0000000000036adc      0x1d0 ../nios_led3_bsp//libhal_bsp.a(alt_tick.o)
                0x0000000000036adc                alt_alarm_stop
                0x0000000000036b80                alt_tick
 .text          0x0000000000036cac       0x30 ../nios_led3_bsp//libhal_bsp.a(alt_usleep.o)
                0x0000000000036cac                usleep
 .text          0x0000000000036cdc       0xdc ../nios_led3_bsp//libhal_bsp.a(alt_write.o)
                0x0000000000036d18                write
 .text          0x0000000000036db8       0x94 ../nios_led3_bsp//libhal_bsp.a(alt_sys_init.o)
                0x0000000000036db8                alt_irq_init
                0x0000000000036df4                alt_sys_init
 .text          0x0000000000036e4c      0x3d4 ../nios_led3_bsp//libhal_bsp.a(altera_avalon_jtag_uart_init.o)
                0x0000000000036e4c                altera_avalon_jtag_uart_init
                0x00000000000371b8                altera_avalon_jtag_uart_close
 .text          0x0000000000037220      0x220 ../nios_led3_bsp//libhal_bsp.a(altera_avalon_jtag_uart_read.o)
                0x0000000000037220                altera_avalon_jtag_uart_read
 .text          0x0000000000037440      0x228 ../nios_led3_bsp//libhal_bsp.a(altera_avalon_jtag_uart_write.o)
                0x0000000000037440                altera_avalon_jtag_uart_write
 .text          0x0000000000037668      0x100 ../nios_led3_bsp//libhal_bsp.a(altera_avalon_timer_sc.o)
                0x00000000000376e4                alt_avalon_timer_sc_init
 .text          0x0000000000037768      0x160 ../nios_led3_bsp//libhal_bsp.a(alt_alarm_start.o)
                0x0000000000037768                alt_alarm_start
 .text          0x00000000000378c8      0x158 ../nios_led3_bsp//libhal_bsp.a(alt_busy_sleep.o)
                0x00000000000378c8                alt_busy_sleep
 .text          0x0000000000037a20       0x20 ../nios_led3_bsp//libhal_bsp.a(alt_dcache_flush_all.o)
                0x0000000000037a20                alt_dcache_flush_all
 .text          0x0000000000037a40       0x64 ../nios_led3_bsp//libhal_bsp.a(alt_do_ctors.o)
                0x0000000000037a40                _do_ctors
 .text          0x0000000000037aa4       0x64 ../nios_led3_bsp//libhal_bsp.a(alt_do_dtors.o)
                0x0000000000037aa4                _do_dtors
 .text          0x0000000000037b08       0x20 ../nios_led3_bsp//libhal_bsp.a(alt_icache_flush_all.o)
                0x0000000000037b08                alt_icache_flush_all
 .text          0x0000000000037b28      0x1b0 ../nios_led3_bsp//libhal_bsp.a(alt_iic.o)
                0x0000000000037b28                alt_ic_isr_register
                0x0000000000037b78                alt_ic_irq_enable
                0x0000000000037c00                alt_ic_irq_disable
                0x0000000000037c8c                alt_ic_irq_enabled
 .text          0x0000000000037cd8       0xe8 ../nios_led3_bsp//libhal_bsp.a(alt_iic_isr_register.o)
                0x0000000000037cd8                alt_iic_isr_register
 .text          0x0000000000037dc0        0x0 ../nios_led3_bsp//libhal_bsp.a(alt_irq_entry.o)
 .text          0x0000000000037dc0        0x0 ../nios_led3_bsp//libhal_bsp.a(alt_irq_handler.o)
 .text          0x0000000000037dc0        0x0 ../nios_led3_bsp//libhal_bsp.a(alt_irq_vars.o)
 .text          0x0000000000037dc0       0x24 ../nios_led3_bsp//libhal_bsp.a(altera_nios2_gen2_irq.o)
                0x0000000000037dc0                altera_nios2_gen2_irq_init
 .text          0x0000000000037de4        0x0 ../nios_led3_bsp//libhal_bsp.a(alt_exception_entry.o)
 .text          0x0000000000037de4       0x74 ../nios_led3_bsp//libhal_bsp.a(alt_instruction_exception_entry.o)
                0x0000000000037de4                alt_exception_cause_generated_bad_addr
 .text          0x0000000000037e58        0x0 /home/danielcrovo/intelFPGA_lite/21.1/nios2eds/bin/gnu/H-x86_64-pc-linux-gnu/bin/../lib/gcc/nios2-elf/11.2.1/../../../../../H-x86_64-pc-linux-gnu/nios2-elf/lib/mno-hw-mul/libc.a(lib_a-atexit.o)
 .text.atexit   0x0000000000037e58       0x14 /home/danielcrovo/intelFPGA_lite/21.1/nios2eds/bin/gnu/H-x86_64-pc-linux-gnu/bin/../lib/gcc/nios2-elf/11.2.1/../../../../../H-x86_64-pc-linux-gnu/nios2-elf/lib/mno-hw-mul/libc.a(lib_a-atexit.o)
                0x0000000000037e58                atexit
 .text          0x0000000000037e6c        0x0 /home/danielcrovo/intelFPGA_lite/21.1/nios2eds/bin/gnu/H-x86_64-pc-linux-gnu/bin/../lib/gcc/nios2-elf/11.2.1/../../../../../H-x86_64-pc-linux-gnu/nios2-elf/lib/mno-hw-mul/libc.a(lib_a-exit.o)
 .text.exit     0x0000000000037e6c       0x34 /home/danielcrovo/intelFPGA_lite/21.1/nios2eds/bin/gnu/H-x86_64-pc-linux-gnu/bin/../lib/gcc/nios2-elf/11.2.1/../../../../../H-x86_64-pc-linux-gnu/nios2-elf/lib/mno-hw-mul/libc.a(lib_a-exit.o)
                0x0000000000037e6c                exit
 .text          0x0000000000037ea0        0x0 /home/danielcrovo/intelFPGA_lite/21.1/nios2eds/bin/gnu/H-x86_64-pc-linux-gnu/bin/../lib/gcc/nios2-elf/11.2.1/../../../../../H-x86_64-pc-linux-gnu/nios2-elf/lib/mno-hw-mul/libc.a(lib_a-__atexit.o)
 .text.__register_exitproc
                0x0000000000037ea0       0x90 /home/danielcrovo/intelFPGA_lite/21.1/nios2eds/bin/gnu/H-x86_64-pc-linux-gnu/bin/../lib/gcc/nios2-elf/11.2.1/../../../../../H-x86_64-pc-linux-gnu/nios2-elf/lib/mno-hw-mul/libc.a(lib_a-__atexit.o)
                0x0000000000037ea0                __register_exitproc
 .text          0x0000000000037f30        0x0 /home/danielcrovo/intelFPGA_lite/21.1/nios2eds/bin/gnu/H-x86_64-pc-linux-gnu/bin/../lib/gcc/nios2-elf/11.2.1/../../../../../H-x86_64-pc-linux-gnu/nios2-elf/lib/mno-hw-mul/libc.a(lib_a-__call_atexit.o)
 .text.__call_exitprocs
                0x0000000000037f30      0x120 /home/danielcrovo/intelFPGA_lite/21.1/nios2eds/bin/gnu/H-x86_64-pc-linux-gnu/bin/../lib/gcc/nios2-elf/11.2.1/../../../../../H-x86_64-pc-linux-gnu/nios2-elf/lib/mno-hw-mul/libc.a(lib_a-__call_atexit.o)
                0x0000000000037f30                __call_exitprocs
 *(.gnu.warning.*)
 *(.fini)
                [!provide]                        PROVIDE (__etext = ABSOLUTE (.))
                [!provide]                        PROVIDE (_etext = ABSOLUTE (.))
                [!provide]                        PROVIDE (etext = ABSOLUTE (.))
 *(.eh_frame_hdr)
                0x0000000000038050                . = ALIGN (0x4)
                [!provide]                        PROVIDE (__preinit_array_start = ABSOLUTE (.))
 *(.preinit_array)
                [!provide]                        PROVIDE (__preinit_array_end = ABSOLUTE (.))
                [!provide]                        PROVIDE (__init_array_start = ABSOLUTE (.))
 *(.init_array)
                [!provide]                        PROVIDE (__init_array_end = ABSOLUTE (.))
                [!provide]                        PROVIDE (__fini_array_start = ABSOLUTE (.))
 *(.fini_array)
                [!provide]                        PROVIDE (__fini_array_end = ABSOLUTE (.))
 *(.eh_frame)
 *(.gcc_except_table .gcc_except_table.*)
 *(.dynamic)
                0x0000000000038050                PROVIDE (__CTOR_LIST__ = ABSOLUTE (.))
 *(.ctors)
 *(SORT_BY_NAME(.ctors.*))
                0x0000000000038050                PROVIDE (__CTOR_END__ = ABSOLUTE (.))
                0x0000000000038050                PROVIDE (__DTOR_LIST__ = ABSOLUTE (.))
 *(.dtors)
 *(SORT_BY_NAME(.dtors.*))
                0x0000000000038050                PROVIDE (__DTOR_END__ = ABSOLUTE (.))
 *(.jcr)
                0x0000000000038050                . = ALIGN (0x4)

.rodata         0x0000000000038050      0x8c4
                0x0000000000038050                PROVIDE (__ram_rodata_start = ABSOLUTE (.))
                0x0000000000038050                . = ALIGN (0x4)
 *(.rodata .rodata.* .gnu.linkonce.r.*)
 .rodata        0x0000000000038050       0x10 obj/default/gpio.o
 .rodata        0x0000000000038060       0x72 obj/default/main.o
 *fill*         0x00000000000380d2        0x2 
 .rodata        0x00000000000380d4      0x100 /home/danielcrovo/intelFPGA_lite/21.1/nios2eds/bin/gnu/H-x86_64-pc-linux-gnu/bin/../lib/gcc/nios2-elf/11.2.1/mno-hw-mul/libgcc.a(_clz.o)
                0x00000000000380d4                __clz_tab
 .rodata._puts_r.str1.4
                0x00000000000381d4        0x2 /home/danielcrovo/intelFPGA_lite/21.1/nios2eds/bin/gnu/H-x86_64-pc-linux-gnu/bin/../lib/gcc/nios2-elf/11.2.1/../../../../../H-x86_64-pc-linux-gnu/nios2-elf/lib/mno-hw-mul/libc.a(lib_a-puts.o)
 *fill*         0x00000000000381d6        0x2 
 .rodata.___vfprintf_internal_r.str1.4
                0x00000000000381d8       0x42 /home/danielcrovo/intelFPGA_lite/21.1/nios2eds/bin/gnu/H-x86_64-pc-linux-gnu/bin/../lib/gcc/nios2-elf/11.2.1/../../../../../H-x86_64-pc-linux-gnu/nios2-elf/lib/mno-hw-mul/libc.a(lib_a-vfprintf.o)
 *fill*         0x000000000003821a        0x2 
 .rodata.zeroes.0
                0x000000000003821c       0x10 /home/danielcrovo/intelFPGA_lite/21.1/nios2eds/bin/gnu/H-x86_64-pc-linux-gnu/bin/../lib/gcc/nios2-elf/11.2.1/../../../../../H-x86_64-pc-linux-gnu/nios2-elf/lib/mno-hw-mul/libc.a(lib_a-vfprintf.o)
 .rodata.blanks.1
                0x000000000003822c       0x10 /home/danielcrovo/intelFPGA_lite/21.1/nios2eds/bin/gnu/H-x86_64-pc-linux-gnu/bin/../lib/gcc/nios2-elf/11.2.1/../../../../../H-x86_64-pc-linux-gnu/nios2-elf/lib/mno-hw-mul/libc.a(lib_a-vfprintf.o)
 .rodata.__svfscanf_r.str1.4
                0x000000000003823c        0x5 /home/danielcrovo/intelFPGA_lite/21.1/nios2eds/bin/gnu/H-x86_64-pc-linux-gnu/bin/../lib/gcc/nios2-elf/11.2.1/../../../../../H-x86_64-pc-linux-gnu/nios2-elf/lib/mno-hw-mul/libc.a(lib_a-vfscanf.o)
 *fill*         0x0000000000038241        0x1 
 .rodata.basefix.0
                0x0000000000038242       0x22 /home/danielcrovo/intelFPGA_lite/21.1/nios2eds/bin/gnu/H-x86_64-pc-linux-gnu/bin/../lib/gcc/nios2-elf/11.2.1/../../../../../H-x86_64-pc-linux-gnu/nios2-elf/lib/mno-hw-mul/libc.a(lib_a-vfscanf.o)
 .rodata._ctype_
                0x0000000000038264      0x101 /home/danielcrovo/intelFPGA_lite/21.1/nios2eds/bin/gnu/H-x86_64-pc-linux-gnu/bin/../lib/gcc/nios2-elf/11.2.1/../../../../../H-x86_64-pc-linux-gnu/nios2-elf/lib/mno-hw-mul/libc.a(lib_a-ctype_.o)
                0x0000000000038264                _ctype_
 *fill*         0x0000000000038365        0x3 
 .rodata._ctype_b
                0x0000000000038368      0x180 /home/danielcrovo/intelFPGA_lite/21.1/nios2eds/bin/gnu/H-x86_64-pc-linux-gnu/bin/../lib/gcc/nios2-elf/11.2.1/../../../../../H-x86_64-pc-linux-gnu/nios2-elf/lib/mno-hw-mul/libc.a(lib_a-ctype_.o)
                0x0000000000038368                _ctype_b
 .rodata._dtoa_r.str1.4
                0x00000000000384e8       0x61 /home/danielcrovo/intelFPGA_lite/21.1/nios2eds/bin/gnu/H-x86_64-pc-linux-gnu/bin/../lib/gcc/nios2-elf/11.2.1/../../../../../H-x86_64-pc-linux-gnu/nios2-elf/lib/mno-hw-mul/libc.a(lib_a-dtoa.o)
                                         0x65 (size before relaxing)
 *fill*         0x0000000000038549        0x3 
 .rodata._setlocale_r.str1.4
                0x000000000003854c        0xa /home/danielcrovo/intelFPGA_lite/21.1/nios2eds/bin/gnu/H-x86_64-pc-linux-gnu/bin/../lib/gcc/nios2-elf/11.2.1/../../../../../H-x86_64-pc-linux-gnu/nios2-elf/lib/mno-hw-mul/libc.a(lib_a-locale.o)
 *fill*         0x0000000000038556        0x2 
 .rodata.str1.4